   1              	 .cpu cortex-m0
   2              	 .fpu softvfp
   3              	 .eabi_attribute 23,1
   4              	 .eabi_attribute 24,1
   5              	 .eabi_attribute 25,1
   6              	 .eabi_attribute 26,1
   7              	 .eabi_attribute 30,2
   8              	 .eabi_attribute 34,0
   9              	 .eabi_attribute 18,4
  10              	 .code 16
  11              	 .file "xmc_ccu8.c"
  12              	 .section .text.XMC_CCU8_EnableModule,"ax",%progbits
  13              	 .align 2
  14              	 .global XMC_CCU8_EnableModule
  15              	 .code 16
  16              	 .thumb_func
  18              	XMC_CCU8_EnableModule:
  19 0000 08B5     	 push {r3,lr}
  20 0002 A023     	 mov r3,#160
  21 0004 DB05     	 lsl r3,r3,#23
  22 0006 9842     	 cmp r0,r3
  23 0008 00D0     	 beq .L4
  24              	.L1:
  25              	 
  26 000a 08BD     	 pop {r3,pc}
  27              	.L4:
  28 000c 0220     	 mov r0,#2
  29 000e FFF7FEFF 	 bl XMC_SCU_CLOCK_UngatePeripheralClock
  30 0012 FAE7     	 b .L1
  32              	 .section .text.XMC_CCU8_DisableModule,"ax",%progbits
  33              	 .align 2
  34              	 .global XMC_CCU8_DisableModule
  35              	 .code 16
  36              	 .thumb_func
  38              	XMC_CCU8_DisableModule:
  39 0000 08B5     	 push {r3,lr}
  40 0002 A023     	 mov r3,#160
  41 0004 DB05     	 lsl r3,r3,#23
  42 0006 9842     	 cmp r0,r3
  43 0008 00D0     	 beq .L7
  44              	.L5:
  45              	 
  46 000a 08BD     	 pop {r3,pc}
  47              	.L7:
  48 000c 0220     	 mov r0,#2
  49 000e FFF7FEFF 	 bl XMC_SCU_CLOCK_GatePeripheralClock
  50 0012 FAE7     	 b .L5
  52              	 .section .text.XMC_CCU8_Init,"ax",%progbits
  53              	 .align 2
  54              	 .global XMC_CCU8_Init
  55              	 .code 16
  56              	 .thumb_func
  58              	XMC_CCU8_Init:
  59 0000 38B5     	 push {r3,r4,r5,lr}
  60 0002 A023     	 mov r3,#160
  61 0004 041C     	 mov r4,r0
  62 0006 0D1C     	 mov r5,r1
  63 0008 DB05     	 lsl r3,r3,#23
  64 000a 9842     	 cmp r0,r3
  65 000c 09D0     	 beq .L10
  66              	.L9:
  67 000e 8023     	 mov r3,#128
  68 0010 5B00     	 lsl r3,r3,#1
  69 0012 E360     	 str r3,[r4,#12]
  70 0014 2168     	 ldr r1,[r4]
  71 0016 054B     	 ldr r3,.L11
  72              	 
  73 0018 0B40     	 and r3,r1
  74 001a A903     	 lsl r1,r5,#14
  75 001c 1943     	 orr r1,r3
  76 001e 2160     	 str r1,[r4]
  77 0020 38BD     	 pop {r3,r4,r5,pc}
  78              	.L10:
  79 0022 0220     	 mov r0,#2
  80 0024 FFF7FEFF 	 bl XMC_SCU_CLOCK_UngatePeripheralClock
  81 0028 F1E7     	 b .L9
  82              	.L12:
  83 002a C046     	 .align 2
  84              	.L11:
  85 002c FF3FFFFF 	 .word -49153
  87              	 .section .text.XMC_CCU8_SetModuleClock,"ax",%progbits
  88              	 .align 2
  89              	 .global XMC_CCU8_SetModuleClock
  90              	 .code 16
  91              	 .thumb_func
  93              	XMC_CCU8_SetModuleClock:
  94 0000 3022     	 mov r2,#48
  95 0002 0368     	 ldr r3,[r0]
  96 0004 0901     	 lsl r1,r1,#4
  97 0006 9343     	 bic r3,r2
  98 0008 1943     	 orr r1,r3
  99 000a 0160     	 str r1,[r0]
 100              	 
 101 000c 7047     	 bx lr
 103 000e C046     	 .section .text.XMC_CCU8_SLICE_CompareInit,"ax",%progbits
 104              	 .align 2
 105              	 .global XMC_CCU8_SLICE_CompareInit
 106              	 .code 16
 107              	 .thumb_func
 109              	XMC_CCU8_SLICE_CompareInit:
 110 0000 0123     	 mov r3,#1
 111 0002 1422     	 mov r2,#20
 112 0004 0361     	 str r3,[r0,#16]
 113 0006 0B68     	 ldr r3,[r1]
 114              	 
 115 0008 4361     	 str r3,[r0,#20]
 116 000a 4B7B     	 ldrb r3,[r1,#13]
 117 000c DB06     	 lsl r3,r3,#27
 118 000e DB0F     	 lsr r3,r3,#31
 119 0010 1B05     	 lsl r3,r3,#20
 120 0012 4360     	 str r3,[r0,#4]
 121 0014 0B7B     	 ldrb r3,[r1,#12]
 122 0016 1B07     	 lsl r3,r3,#28
 123 0018 1B0F     	 lsr r3,r3,#28
 124 001a 4362     	 str r3,[r0,#36]
 125 001c 0B7B     	 ldrb r3,[r1,#12]
 126 001e 1B09     	 lsr r3,r3,#4
 127 0020 C362     	 str r3,[r0,#44]
 128 0022 4B7B     	 ldrb r3,[r1,#13]
 129 0024 1B07     	 lsl r3,r3,#28
 130 0026 1B0F     	 lsr r3,r3,#28
 131 0028 0362     	 str r3,[r0,#32]
 132 002a 4B68     	 ldr r3,[r1,#4]
 133 002c 8361     	 str r3,[r0,#24]
 134 002e 8B68     	 ldr r3,[r1,#8]
 135 0030 5340     	 eor r3,r2
 136 0032 8364     	 str r3,[r0,#72]
 137 0034 7047     	 bx lr
 139 0036 C046     	 .section .text.XMC_CCU8_SLICE_CaptureInit,"ax",%progbits
 140              	 .align 2
 141              	 .global XMC_CCU8_SLICE_CaptureInit
 142              	 .code 16
 143              	 .thumb_func
 145              	XMC_CCU8_SLICE_CaptureInit:
 146 0000 0123     	 mov r3,#1
 147 0002 0361     	 str r3,[r0,#16]
 148 0004 0B68     	 ldr r3,[r1]
 149              	 
 150 0006 4361     	 str r3,[r0,#20]
 151 0008 4B79     	 ldrb r3,[r1,#5]
 152 000a DB07     	 lsl r3,r3,#31
 153 000c DB0F     	 lsr r3,r3,#31
 154 000e DBB2     	 uxtb r3,r3
 155 0010 1B05     	 lsl r3,r3,#20
 156 0012 4360     	 str r3,[r0,#4]
 157 0014 0B79     	 ldrb r3,[r1,#4]
 158 0016 1B09     	 lsr r3,r3,#4
 159 0018 C362     	 str r3,[r0,#44]
 160 001a 0B79     	 ldrb r3,[r1,#4]
 161 001c 1B07     	 lsl r3,r3,#28
 162 001e 1B0F     	 lsr r3,r3,#28
 163 0020 4362     	 str r3,[r0,#36]
 164 0022 7047     	 bx lr
 166              	 .section .text.XMC_CCU8_SLICE_SetOutPath,"ax",%progbits
 167              	 .align 2
 168              	 .global XMC_CCU8_SLICE_SetOutPath
 169              	 .code 16
 170              	 .thumb_func
 172              	XMC_CCU8_SLICE_SetOutPath:
 173 0000 836C     	 ldr r3,[r0,#72]
 174 0002 0A0C     	 lsr r2,r1,#16
 175 0004 0904     	 lsl r1,r1,#16
 176 0006 9343     	 bic r3,r2
 177 0008 090C     	 lsr r1,r1,#16
 178 000a 1943     	 orr r1,r3
 179 000c 8164     	 str r1,[r0,#72]
 180              	 
 181 000e 7047     	 bx lr
 183              	 .section .text.XMC_CCU8_SetMultiChannelShadowTransferMode,"ax",%progbits
 184              	 .align 2
 185              	 .global XMC_CCU8_SetMultiChannelShadowTransferMode
 186              	 .code 16
 187              	 .thumb_func
 189              	XMC_CCU8_SetMultiChannelShadowTransferMode:
 190 0000 0368     	 ldr r3,[r0]
 191 0002 0A0C     	 lsr r2,r1,#16
 192 0004 0904     	 lsl r1,r1,#16
 193 0006 9343     	 bic r3,r2
 194 0008 090C     	 lsr r1,r1,#16
 195 000a 1943     	 orr r1,r3
 196 000c 0160     	 str r1,[r0]
 197              	 
 198 000e 7047     	 bx lr
 200              	 .section .text.XMC_CCU8_SLICE_StartConfig,"ax",%progbits
 201              	 .align 2
 202              	 .global XMC_CCU8_SLICE_StartConfig
 203              	 .code 16
 204              	 .thumb_func
 206              	XMC_CCU8_SLICE_StartConfig:
 207 0000 10B5     	 push {r4,lr}
 208 0002 0324     	 mov r4,#3
 209 0004 4368     	 ldr r3,[r0,#4]
 210 0006 A343     	 bic r3,r4
 211 0008 1943     	 orr r1,r3
 212 000a 4160     	 str r1,[r0,#4]
 213 000c 4369     	 ldr r3,[r0,#20]
 214 000e 012A     	 cmp r2,#1
 215 0010 03D0     	 beq .L21
 216 0012 044A     	 ldr r2,.L22
 217 0014 1340     	 and r3,r2
 218              	.L20:
 219 0016 4361     	 str r3,[r0,#20]
 220              	 
 221 0018 10BD     	 pop {r4,pc}
 222              	.L21:
 223 001a 8022     	 mov r2,#128
 224 001c D200     	 lsl r2,r2,#3
 225 001e 1343     	 orr r3,r2
 226 0020 F9E7     	 b .L20
 227              	.L23:
 228 0022 C046     	 .align 2
 229              	.L22:
 230 0024 FFFBFFFF 	 .word -1025
 232              	 .section .text.XMC_CCU8_SLICE_StopConfig,"ax",%progbits
 233              	 .align 2
 234              	 .global XMC_CCU8_SLICE_StopConfig
 235              	 .code 16
 236              	 .thumb_func
 238              	XMC_CCU8_SLICE_StopConfig:
 239 0000 10B5     	 push {r4,lr}
 240 0002 0C24     	 mov r4,#12
 241 0004 4368     	 ldr r3,[r0,#4]
 242 0006 8900     	 lsl r1,r1,#2
 243 0008 A343     	 bic r3,r4
 244 000a 1943     	 orr r1,r3
 245 000c 4160     	 str r1,[r0,#4]
 246 000e 4169     	 ldr r1,[r0,#20]
 247 0010 024B     	 ldr r3,.L25
 248 0012 1202     	 lsl r2,r2,#8
 249 0014 0B40     	 and r3,r1
 250 0016 1A43     	 orr r2,r3
 251 0018 4261     	 str r2,[r0,#20]
 252              	 
 253 001a 10BD     	 pop {r4,pc}
 254              	.L26:
 255              	 .align 2
 256              	.L25:
 257 001c FFFCFFFF 	 .word -769
 259              	 .section .text.XMC_CCU8_SLICE_LoadConfig,"ax",%progbits
 260              	 .align 2
 261              	 .global XMC_CCU8_SLICE_LoadConfig
 262              	 .code 16
 263              	 .thumb_func
 265              	XMC_CCU8_SLICE_LoadConfig:
 266 0000 4268     	 ldr r2,[r0,#4]
 267 0002 034B     	 ldr r3,.L28
 268 0004 0903     	 lsl r1,r1,#12
 269 0006 1340     	 and r3,r2
 270 0008 1943     	 orr r1,r3
 271 000a 4160     	 str r1,[r0,#4]
 272              	 
 273 000c 7047     	 bx lr
 274              	.L29:
 275 000e C046     	 .align 2
 276              	.L28:
 277 0010 FFCFFFFF 	 .word -12289
 279              	 .section .text.XMC_CCU8_SLICE_LoadSelector,"ax",%progbits
 280              	 .align 2
 281              	 .global XMC_CCU8_SLICE_LoadSelector
 282              	 .code 16
 283              	 .thumb_func
 285              	XMC_CCU8_SLICE_LoadSelector:
 286 0000 8022     	 mov r2,#128
 287 0002 4369     	 ldr r3,[r0,#20]
 288 0004 C901     	 lsl r1,r1,#7
 289 0006 9343     	 bic r3,r2
 290 0008 1943     	 orr r1,r3
 291 000a 4161     	 str r1,[r0,#20]
 292              	 
 293 000c 7047     	 bx lr
 295 000e C046     	 .section .text.XMC_CCU8_SLICE_ModulationConfig,"ax",%progbits
 296              	 .align 2
 297              	 .global XMC_CCU8_SLICE_ModulationConfig
 298              	 .code 16
 299              	 .thumb_func
 301              	XMC_CCU8_SLICE_ModulationConfig:
 302 0000 70B5     	 push {r4,r5,r6,lr}
 303 0002 04AC     	 add r4,sp,#16
 304 0004 4668     	 ldr r6,[r0,#4]
 305 0006 2578     	 ldrb r5,[r4]
 306 0008 0D4C     	 ldr r4,.L38
 307 000a 8904     	 lsl r1,r1,#18
 308 000c 3440     	 and r4,r6
 309 000e 2143     	 orr r1,r4
 310 0010 4160     	 str r1,[r0,#4]
 311 0012 4169     	 ldr r1,[r0,#20]
 312 0014 012A     	 cmp r2,#1
 313 0016 0FD0     	 beq .L36
 314 0018 0A4A     	 ldr r2,.L38+4
 315 001a 0A40     	 and r2,r1
 316              	.L33:
 317 001c 002D     	 cmp r5,#0
 318 001e 07D1     	 bne .L37
 319 0020 0949     	 ldr r1,.L38+8
 320 0022 0A40     	 and r2,r1
 321              	.L35:
 322 0024 0949     	 ldr r1,.L38+12
 323 0026 DB06     	 lsl r3,r3,#27
 324 0028 0A40     	 and r2,r1
 325 002a 1343     	 orr r3,r2
 326 002c 4361     	 str r3,[r0,#20]
 327              	 
 328 002e 70BD     	 pop {r4,r5,r6,pc}
 329              	.L37:
 330 0030 8021     	 mov r1,#128
 331 0032 0904     	 lsl r1,r1,#16
 332 0034 0A43     	 orr r2,r1
 333 0036 F5E7     	 b .L35
 334              	.L36:
 335 0038 8022     	 mov r2,#128
 336 003a 5204     	 lsl r2,r2,#17
 337 003c 0A43     	 orr r2,r1
 338 003e EDE7     	 b .L33
 339              	.L39:
 340              	 .align 2
 341              	.L38:
 342 0040 FFFFF3FF 	 .word -786433
 343 0044 FFFFFFFE 	 .word -16777217
 344 0048 FFFF7FFF 	 .word -8388609
 345 004c FFFFFFE7 	 .word -402653185
 347              	 .section .text.XMC_CCU8_SLICE_CountConfig,"ax",%progbits
 348              	 .align 2
 349              	 .global XMC_CCU8_SLICE_CountConfig
 350              	 .code 16
 351              	 .thumb_func
 353              	XMC_CCU8_SLICE_CountConfig:
 354 0000 4268     	 ldr r2,[r0,#4]
 355 0002 034B     	 ldr r3,.L41
 356 0004 8903     	 lsl r1,r1,#14
 357 0006 1340     	 and r3,r2
 358 0008 1943     	 orr r1,r3
 359 000a 4160     	 str r1,[r0,#4]
 360              	 
 361 000c 7047     	 bx lr
 362              	.L42:
 363 000e C046     	 .align 2
 364              	.L41:
 365 0010 FF3FFFFF 	 .word -49153
 367              	 .section .text.XMC_CCU8_SLICE_GateConfig,"ax",%progbits
 368              	 .align 2
 369              	 .global XMC_CCU8_SLICE_GateConfig
 370              	 .code 16
 371              	 .thumb_func
 373              	XMC_CCU8_SLICE_GateConfig:
 374 0000 4268     	 ldr r2,[r0,#4]
 375 0002 034B     	 ldr r3,.L44
 376 0004 0902     	 lsl r1,r1,#8
 377 0006 1340     	 and r3,r2
 378 0008 1943     	 orr r1,r3
 379 000a 4160     	 str r1,[r0,#4]
 380              	 
 381 000c 7047     	 bx lr
 382              	.L45:
 383 000e C046     	 .align 2
 384              	.L44:
 385 0010 FFFCFFFF 	 .word -769
 387              	 .section .text.XMC_CCU8_SLICE_Capture0Config,"ax",%progbits
 388              	 .align 2
 389              	 .global XMC_CCU8_SLICE_Capture0Config
 390              	 .code 16
 391              	 .thumb_func
 393              	XMC_CCU8_SLICE_Capture0Config:
 394 0000 3022     	 mov r2,#48
 395 0002 4368     	 ldr r3,[r0,#4]
 396 0004 0901     	 lsl r1,r1,#4
 397 0006 9343     	 bic r3,r2
 398 0008 1943     	 orr r1,r3
 399 000a 4160     	 str r1,[r0,#4]
 400              	 
 401 000c 7047     	 bx lr
 403 000e C046     	 .section .text.XMC_CCU8_SLICE_Capture1Config,"ax",%progbits
 404              	 .align 2
 405              	 .global XMC_CCU8_SLICE_Capture1Config
 406              	 .code 16
 407              	 .thumb_func
 409              	XMC_CCU8_SLICE_Capture1Config:
 410 0000 C022     	 mov r2,#192
 411 0002 4368     	 ldr r3,[r0,#4]
 412 0004 8901     	 lsl r1,r1,#6
 413 0006 9343     	 bic r3,r2
 414 0008 1943     	 orr r1,r3
 415 000a 4160     	 str r1,[r0,#4]
 416              	 
 417 000c 7047     	 bx lr
 419 000e C046     	 .section .text.XMC_CCU8_SLICE_DirectionConfig,"ax",%progbits
 420              	 .align 2
 421              	 .global XMC_CCU8_SLICE_DirectionConfig
 422              	 .code 16
 423              	 .thumb_func
 425              	XMC_CCU8_SLICE_DirectionConfig:
 426 0000 4268     	 ldr r2,[r0,#4]
 427 0002 034B     	 ldr r3,.L49
 428 0004 8902     	 lsl r1,r1,#10
 429 0006 1340     	 and r3,r2
 430 0008 1943     	 orr r1,r3
 431 000a 4160     	 str r1,[r0,#4]
 432              	 
 433 000c 7047     	 bx lr
 434              	.L50:
 435 000e C046     	 .align 2
 436              	.L49:
 437 0010 FFF3FFFF 	 .word -3073
 439              	 .section .text.XMC_CCU8_SLICE_StatusBitOverrideConfig,"ax",%progbits
 440              	 .align 2
 441              	 .global XMC_CCU8_SLICE_StatusBitOverrideConfig
 442              	 .code 16
 443              	 .thumb_func
 445              	XMC_CCU8_SLICE_StatusBitOverrideConfig:
 446 0000 8023     	 mov r3,#128
 447 0002 4268     	 ldr r2,[r0,#4]
 448 0004 5B02     	 lsl r3,r3,#9
 449 0006 1343     	 orr r3,r2
 450 0008 4360     	 str r3,[r0,#4]
 451              	 
 452 000a 7047     	 bx lr
 454              	 .section .text.XMC_CCU8_SLICE_TrapConfig,"ax",%progbits
 455              	 .align 2
 456              	 .global XMC_CCU8_SLICE_TrapConfig
 457              	 .code 16
 458              	 .thumb_func
 460              	XMC_CCU8_SLICE_TrapConfig:
 461 0000 8023     	 mov r3,#128
 462 0002 10B5     	 push {r4,lr}
 463 0004 4468     	 ldr r4,[r0,#4]
 464 0006 9B02     	 lsl r3,r3,#10
 465 0008 2343     	 orr r3,r4
 466 000a 4360     	 str r3,[r0,#4]
 467 000c 4369     	 ldr r3,[r0,#20]
 468 000e 002A     	 cmp r2,#0
 469 0010 08D0     	 beq .L53
 470 0012 8022     	 mov r2,#128
 471 0014 9203     	 lsl r2,r2,#14
 472 0016 1343     	 orr r3,r2
 473 0018 0129     	 cmp r1,#1
 474 001a 07D0     	 beq .L57
 475              	.L55:
 476 001c 054A     	 ldr r2,.L58
 477 001e 1340     	 and r3,r2
 478              	.L56:
 479 0020 4361     	 str r3,[r0,#20]
 480              	 
 481 0022 10BD     	 pop {r4,pc}
 482              	.L53:
 483 0024 044A     	 ldr r2,.L58+4
 484 0026 1340     	 and r3,r2
 485 0028 0129     	 cmp r1,#1
 486 002a F7D1     	 bne .L55
 487              	.L57:
 488 002c 8022     	 mov r2,#128
 489 002e D203     	 lsl r2,r2,#15
 490 0030 1343     	 orr r3,r2
 491 0032 F5E7     	 b .L56
 492              	.L59:
 493              	 .align 2
 494              	.L58:
 495 0034 FFFFBFFF 	 .word -4194305
 496 0038 FFFFDFFF 	 .word -2097153
 498              	 .section .text.XMC_CCU8_SLICE_ConfigureStatusBitOverrideEvent,"ax",%progbits
 499              	 .align 2
 500              	 .global XMC_CCU8_SLICE_ConfigureStatusBitOverrideEvent
 501              	 .code 16
 502              	 .thumb_func
 504              	XMC_CCU8_SLICE_ConfigureStatusBitOverrideEvent:
 505 0000 10B5     	 push {r4,lr}
 506 0002 154B     	 ldr r3,.L61
 507 0004 0468     	 ldr r4,[r0]
 508              	 
 509 0006 1C40     	 and r4,r3
 510 0008 4B78     	 ldrb r3,[r1,#1]
 511 000a 9B04     	 lsl r3,r3,#18
 512 000c 2343     	 orr r3,r4
 513 000e 134C     	 ldr r4,.L61+4
 514 0010 2340     	 and r3,r4
 515 0012 5478     	 ldrb r4,[r2,#1]
 516 0014 2405     	 lsl r4,r4,#20
 517 0016 2343     	 orr r3,r4
 518 0018 114C     	 ldr r4,.L61+8
 519 001a 2340     	 and r3,r4
 520 001c 8C78     	 ldrb r4,[r1,#2]
 521 001e E405     	 lsl r4,r4,#23
 522 0020 2343     	 orr r3,r4
 523 0022 104C     	 ldr r4,.L61+12
 524 0024 2340     	 and r3,r4
 525 0026 9478     	 ldrb r4,[r2,#2]
 526 0028 2406     	 lsl r4,r4,#24
 527 002a 2343     	 orr r3,r4
 528 002c 0E4C     	 ldr r4,.L61+16
 529 002e 2340     	 and r3,r4
 530 0030 CC78     	 ldrb r4,[r1,#3]
 531 0032 0978     	 ldrb r1,[r1]
 532 0034 E406     	 lsl r4,r4,#27
 533 0036 2343     	 orr r3,r4
 534 0038 0C4C     	 ldr r4,.L61+20
 535 003a 0901     	 lsl r1,r1,#4
 536 003c 2340     	 and r3,r4
 537 003e D478     	 ldrb r4,[r2,#3]
 538 0040 1278     	 ldrb r2,[r2]
 539 0042 6407     	 lsl r4,r4,#29
 540 0044 2343     	 orr r3,r4
 541 0046 F024     	 mov r4,#240
 542 0048 A343     	 bic r3,r4
 543 004a 0B43     	 orr r3,r1
 544 004c 0849     	 ldr r1,.L61+24
 545 004e 1202     	 lsl r2,r2,#8
 546 0050 0B40     	 and r3,r1
 547 0052 1343     	 orr r3,r2
 548 0054 0360     	 str r3,[r0]
 549 0056 10BD     	 pop {r4,pc}
 550              	.L62:
 551              	 .align 2
 552              	.L61:
 553 0058 FFFFF3FF 	 .word -786433
 554 005c FFFFCFFF 	 .word -3145729
 555 0060 FFFF7FFF 	 .word -8388609
 556 0064 FFFFFFFE 	 .word -16777217
 557 0068 FFFFFFE7 	 .word -402653185
 558 006c FFFFFF9F 	 .word -1610612737
 559 0070 FFF0FFFF 	 .word -3841
 561              	 .section .text.XMC_CCU8_SLICE_ConfigureEvent,"ax",%progbits
 562              	 .align 2
 563              	 .global XMC_CCU8_SLICE_ConfigureEvent
 564              	 .code 16
 565              	 .thumb_func
 567              	XMC_CCU8_SLICE_ConfigureEvent:
 568 0000 F0B5     	 push {r4,r5,r6,r7,lr}
 569 0002 4E1E     	 sub r6,r1,#1
 570 0004 F6B2     	 uxtb r6,r6
 571 0006 7400     	 lsl r4,r6,#1
 572 0008 E4B2     	 uxtb r4,r4
 573 000a 251C     	 mov r5,r4
 574 000c 1035     	 add r5,r5,#16
 575 000e EDB2     	 uxtb r5,r5
 576 0010 4746     	 mov r7,r8
 577 0012 AC46     	 mov ip,r5
 578 0014 80B4     	 push {r7}
 579 0016 0325     	 mov r5,#3
 580 0018 6746     	 mov r7,ip
 581 001a A846     	 mov r8,r5
 582 001c BD40     	 lsl r5,r5,r7
 583 001e 0368     	 ldr r3,[r0]
 584 0020 1531     	 add r1,r1,#21
 585 0022 AB43     	 bic r3,r5
 586 0024 5578     	 ldrb r5,[r2,#1]
 587 0026 C9B2     	 uxtb r1,r1
 588 0028 BD40     	 lsl r5,r5,r7
 589 002a 2B43     	 orr r3,r5
 590 002c 0125     	 mov r5,#1
 591 002e 8D40     	 lsl r5,r5,r1
 592 0030 AB43     	 bic r3,r5
 593 0032 9578     	 ldrb r5,[r2,#2]
 594 0034 4746     	 mov r7,r8
 595 0036 8D40     	 lsl r5,r5,r1
 596 0038 1934     	 add r4,r4,#25
 597 003a 2B43     	 orr r3,r5
 598 003c D578     	 ldrb r5,[r2,#3]
 599 003e E4B2     	 uxtb r4,r4
 600 0040 A740     	 lsl r7,r7,r4
 601 0042 A540     	 lsl r5,r5,r4
 602 0044 0F24     	 mov r4,#15
 603 0046 B600     	 lsl r6,r6,#2
 604 0048 F1B2     	 uxtb r1,r6
 605 004a 1278     	 ldrb r2,[r2]
 606 004c 8C40     	 lsl r4,r4,r1
 607 004e 8A40     	 lsl r2,r2,r1
 608 0050 BB43     	 bic r3,r7
 609 0052 2B43     	 orr r3,r5
 610 0054 A343     	 bic r3,r4
 611 0056 1343     	 orr r3,r2
 612 0058 0360     	 str r3,[r0]
 613              	 
 614 005a 04BC     	 pop {r2}
 615 005c 9046     	 mov r8,r2
 616 005e F0BD     	 pop {r4,r5,r6,r7,pc}
 618              	 .section .text.XMC_CCU8_SLICE_SetInput,"ax",%progbits
 619              	 .align 2
 620              	 .global XMC_CCU8_SLICE_SetInput
 621              	 .code 16
 622              	 .thumb_func
 624              	XMC_CCU8_SLICE_SetInput:
 625 0000 10B5     	 push {r4,lr}
 626 0002 0F24     	 mov r4,#15
 627 0004 0139     	 sub r1,r1,#1
 628 0006 8900     	 lsl r1,r1,#2
 629 0008 C9B2     	 uxtb r1,r1
 630 000a 8C40     	 lsl r4,r4,r1
 631 000c 8A40     	 lsl r2,r2,r1
 632 000e 0368     	 ldr r3,[r0]
 633              	 
 634 0010 A343     	 bic r3,r4
 635 0012 1343     	 orr r3,r2
 636 0014 0360     	 str r3,[r0]
 637 0016 10BD     	 pop {r4,pc}
 639              	 .section .text.XMC_CCU8_SLICE_SetTimerRepeatMode,"ax",%progbits
 640              	 .align 2
 641              	 .global XMC_CCU8_SLICE_SetTimerRepeatMode
 642              	 .code 16
 643              	 .thumb_func
 645              	XMC_CCU8_SLICE_SetTimerRepeatMode:
 646 0000 4369     	 ldr r3,[r0,#20]
 647 0002 0222     	 mov r2,#2
 648 0004 0029     	 cmp r1,#0
 649 0006 02D0     	 beq .L68
 650 0008 1343     	 orr r3,r2
 651              	.L67:
 652 000a 4361     	 str r3,[r0,#20]
 653              	 
 654 000c 7047     	 bx lr
 655              	.L68:
 656 000e 9343     	 bic r3,r2
 657 0010 FBE7     	 b .L67
 659 0012 C046     	 .section .text.XMC_CCU8_SLICE_SetTimerCountingMode,"ax",%progbits
 660              	 .align 2
 661              	 .global XMC_CCU8_SLICE_SetTimerCountingMode
 662              	 .code 16
 663              	 .thumb_func
 665              	XMC_CCU8_SLICE_SetTimerCountingMode:
 666 0000 4369     	 ldr r3,[r0,#20]
 667 0002 0122     	 mov r2,#1
 668 0004 0029     	 cmp r1,#0
 669 0006 02D0     	 beq .L72
 670 0008 1343     	 orr r3,r2
 671              	.L71:
 672 000a 4361     	 str r3,[r0,#20]
 673              	 
 674 000c 7047     	 bx lr
 675              	.L72:
 676 000e 9343     	 bic r3,r2
 677 0010 FBE7     	 b .L71
 679 0012 C046     	 .section .text.XMC_CCU8_SLICE_SetTimerPeriodMatch,"ax",%progbits
 680              	 .align 2
 681              	 .global XMC_CCU8_SLICE_SetTimerPeriodMatch
 682              	 .code 16
 683              	 .thumb_func
 685              	XMC_CCU8_SLICE_SetTimerPeriodMatch:
 686 0000 4163     	 str r1,[r0,#52]
 687              	 
 688 0002 7047     	 bx lr
 690              	 .section .text.XMC_CCU8_SLICE_GetCaptureRegisterValue,"ax",%progbits
 691              	 .align 2
 692              	 .global XMC_CCU8_SLICE_GetCaptureRegisterValue
 693              	 .code 16
 694              	 .thumb_func
 696              	XMC_CCU8_SLICE_GetCaptureRegisterValue:
 697 0000 1C31     	 add r1,r1,#28
 698 0002 8900     	 lsl r1,r1,#2
 699 0004 4018     	 add r0,r0,r1
 700 0006 4068     	 ldr r0,[r0,#4]
 701              	 
 702 0008 7047     	 bx lr
 704 000a C046     	 .section .text.XMC_CCU8_SLICE_GetLastCapturedTimerValue,"ax",%progbits
 705              	 .align 2
 706              	 .global XMC_CCU8_SLICE_GetLastCapturedTimerValue
 707              	 .code 16
 708              	 .thumb_func
 710              	XMC_CCU8_SLICE_GetLastCapturedTimerValue:
 711 0000 4369     	 ldr r3,[r0,#20]
 712 0002 70B5     	 push {r4,r5,r6,lr}
 713 0004 DB06     	 lsl r3,r3,#27
 714 0006 05D4     	 bmi .L82
 715 0008 0129     	 cmp r1,#1
 716 000a 31D0     	 beq .L83
 717 000c 0023     	 mov r3,#0
 718 000e 0226     	 mov r6,#2
 719 0010 0024     	 mov r4,#0
 720 0012 02E0     	 b .L76
 721              	.L82:
 722 0014 0023     	 mov r3,#0
 723 0016 0426     	 mov r6,#4
 724 0018 0024     	 mov r4,#0
 725              	.L76:
 726 001a 8025     	 mov r5,#128
 727 001c 1C33     	 add r3,r3,#28
 728 001e 9900     	 lsl r1,r3,#2
 729 0020 4118     	 add r1,r0,r1
 730 0022 4968     	 ldr r1,[r1,#4]
 731 0024 6D03     	 lsl r5,r5,#13
 732 0026 2942     	 tst r1,r5
 733 0028 1CD1     	 bne .L80
 734 002a 611C     	 add r1,r4,#1
 735 002c CBB2     	 uxtb r3,r1
 736 002e 1C33     	 add r3,r3,#28
 737 0030 9900     	 lsl r1,r3,#2
 738 0032 4118     	 add r1,r0,r1
 739 0034 4968     	 ldr r1,[r1,#4]
 740 0036 2942     	 tst r1,r5
 741 0038 14D1     	 bne .L80
 742 003a A31C     	 add r3,r4,#2
 743 003c DBB2     	 uxtb r3,r3
 744 003e 9E42     	 cmp r6,r3
 745 0040 0DD9     	 bls .L92
 746 0042 1C33     	 add r3,r3,#28
 747 0044 9900     	 lsl r1,r3,#2
 748 0046 4118     	 add r1,r0,r1
 749 0048 4968     	 ldr r1,[r1,#4]
 750 004a 2942     	 tst r1,r5
 751 004c 0AD1     	 bne .L80
 752 004e 0334     	 add r4,r4,#3
 753 0050 E4B2     	 uxtb r4,r4
 754 0052 A642     	 cmp r6,r4
 755 0054 03D9     	 bls .L92
 756 0056 8023     	 mov r3,#128
 757 0058 C358     	 ldr r3,[r0,r3]
 758 005a 2B42     	 tst r3,r5
 759 005c 01D1     	 bne .L86
 760              	.L92:
 761 005e 0120     	 mov r0,#1
 762              	.L88:
 763              	 
 764 0060 70BD     	 pop {r4,r5,r6,pc}
 765              	.L86:
 766 0062 1F23     	 mov r3,#31
 767              	.L80:
 768 0064 9B00     	 lsl r3,r3,#2
 769 0066 C318     	 add r3,r0,r3
 770 0068 5B68     	 ldr r3,[r3,#4]
 771 006a 0020     	 mov r0,#0
 772 006c 1360     	 str r3,[r2]
 773 006e F7E7     	 b .L88
 774              	.L83:
 775 0070 0223     	 mov r3,#2
 776 0072 0426     	 mov r6,#4
 777 0074 0224     	 mov r4,#2
 778 0076 D0E7     	 b .L76
 780              	 .section .text.XMC_CCU8_SLICE_GetCapturedValueFromFifo,"ax",%progbits
 781              	 .align 2
 782              	 .global XMC_CCU8_SLICE_GetCapturedValueFromFifo
 783              	 .code 16
 784              	 .thumb_func
 786              	XMC_CCU8_SLICE_GetCapturedValueFromFifo:
 787 0000 0029     	 cmp r1,#0
 788 0002 02D0     	 beq .L96
 789 0004 BC23     	 mov r3,#188
 790 0006 C058     	 ldr r0,[r0,r3]
 791              	.L95:
 792              	 
 793 0008 7047     	 bx lr
 794              	.L96:
 795 000a B823     	 mov r3,#184
 796 000c C058     	 ldr r0,[r0,r3]
 797 000e FBE7     	 b .L95
 799              	 .section .text.XMC_CCU8_SLICE_EnableDithering,"ax",%progbits
 800              	 .align 2
 801              	 .global XMC_CCU8_SLICE_EnableDithering
 802              	 .code 16
 803              	 .thumb_func
 805              	XMC_CCU8_SLICE_EnableDithering:
 806 0000 30B5     	 push {r4,r5,lr}
 807 0002 4569     	 ldr r5,[r0,#20]
 808 0004 074C     	 ldr r4,.L106
 809 0006 2C40     	 and r4,r5
 810 0008 0029     	 cmp r1,#0
 811 000a 02D0     	 beq .L98
 812 000c 8021     	 mov r1,#128
 813 000e 8901     	 lsl r1,r1,#6
 814 0010 0C43     	 orr r4,r1
 815              	.L98:
 816 0012 002A     	 cmp r2,#0
 817 0014 02D0     	 beq .L99
 818 0016 8022     	 mov r2,#128
 819 0018 D201     	 lsl r2,r2,#7
 820 001a 1443     	 orr r4,r2
 821              	.L99:
 822 001c 4461     	 str r4,[r0,#20]
 823              	 
 824 001e 0362     	 str r3,[r0,#32]
 825 0020 30BD     	 pop {r4,r5,pc}
 826              	.L107:
 827 0022 C046     	 .align 2
 828              	.L106:
 829 0024 FF9FFFFF 	 .word -24577
 831              	 .section .text.XMC_CCU8_SLICE_SetPrescaler,"ax",%progbits
 832              	 .align 2
 833              	 .global XMC_CCU8_SLICE_SetPrescaler
 834              	 .code 16
 835              	 .thumb_func
 837              	XMC_CCU8_SLICE_SetPrescaler:
 838 0000 826A     	 ldr r2,[r0,#40]
 839 0002 034B     	 ldr r3,.L109
 840              	 
 841 0004 1340     	 and r3,r2
 842 0006 0A02     	 lsl r2,r1,#8
 843 0008 1343     	 orr r3,r2
 844 000a 8362     	 str r3,[r0,#40]
 845 000c 4162     	 str r1,[r0,#36]
 846 000e 7047     	 bx lr
 847              	.L110:
 848              	 .align 2
 849              	.L109:
 850 0010 FFF0FFFF 	 .word -3841
 852              	 .section .text.XMC_CCU8_SLICE_SetTimerCompareMatch,"ax",%progbits
 853              	 .align 2
 854              	 .global XMC_CCU8_SLICE_SetTimerCompareMatch
 855              	 .code 16
 856              	 .thumb_func
 858              	XMC_CCU8_SLICE_SetTimerCompareMatch:
 859 0000 0029     	 cmp r1,#0
 860 0002 01D0     	 beq .L114
 861 0004 4264     	 str r2,[r0,#68]
 862              	.L111:
 863              	 
 864 0006 7047     	 bx lr
 865              	.L114:
 866 0008 C263     	 str r2,[r0,#60]
 867 000a FCE7     	 b .L111
 869              	 .section .text.XMC_CCU8_SLICE_GetTimerCompareMatch,"ax",%progbits
 870              	 .align 2
 871              	 .global XMC_CCU8_SLICE_GetTimerCompareMatch
 872              	 .code 16
 873              	 .thumb_func
 875              	XMC_CCU8_SLICE_GetTimerCompareMatch:
 876 0000 0029     	 cmp r1,#0
 877 0002 02D0     	 beq .L118
 878 0004 006C     	 ldr r0,[r0,#64]
 879 0006 80B2     	 uxth r0,r0
 880              	.L117:
 881              	 
 882 0008 7047     	 bx lr
 883              	.L118:
 884 000a 806B     	 ldr r0,[r0,#56]
 885 000c 80B2     	 uxth r0,r0
 886 000e FBE7     	 b .L117
 888              	 .section .text.XMC_CCU8_SLICE_SetInterruptNode,"ax",%progbits
 889              	 .align 2
 890              	 .global XMC_CCU8_SLICE_SetInterruptNode
 891              	 .code 16
 892              	 .thumb_func
 894              	XMC_CCU8_SLICE_SetInterruptNode:
 895 0000 30B5     	 push {r4,r5,lr}
 896 0002 0B29     	 cmp r1,#11
 897 0004 0CD8     	 bhi .L119
 898 0006 074B     	 ldr r3,.L124
 899 0008 8900     	 lsl r1,r1,#2
 900 000a CC58     	 ldr r4,[r1,r3]
 901 000c 064B     	 ldr r3,.L124+4
 902 000e CD58     	 ldr r5,[r1,r3]
 903 0010 002C     	 cmp r4,#0
 904 0012 05D0     	 beq .L119
 905 0014 A821     	 mov r1,#168
 906 0016 AA40     	 lsl r2,r2,r5
 907 0018 4358     	 ldr r3,[r0,r1]
 908 001a A343     	 bic r3,r4
 909 001c 1A43     	 orr r2,r3
 910 001e 4250     	 str r2,[r0,r1]
 911              	.L119:
 912              	 
 913 0020 30BD     	 pop {r4,r5,pc}
 914              	.L125:
 915 0022 C046     	 .align 2
 916              	.L124:
 917 0024 00000000 	 .word .LANCHOR0
 918 0028 00000000 	 .word .LANCHOR1
 920              	 .section .text.XMC_CCU8_SLICE_SetPassiveLevel,"ax",%progbits
 921              	 .align 2
 922              	 .global XMC_CCU8_SLICE_SetPassiveLevel
 923              	 .code 16
 924              	 .thumb_func
 926              	XMC_CCU8_SLICE_SetPassiveLevel:
 927 0000 8369     	 ldr r3,[r0,#24]
 928              	 
 929 0002 8B43     	 bic r3,r1
 930 0004 4908     	 lsr r1,r1,#1
 931 0006 8A40     	 lsl r2,r2,r1
 932 0008 1A43     	 orr r2,r3
 933 000a 8261     	 str r2,[r0,#24]
 934 000c 7047     	 bx lr
 936 000e C046     	 .section .text.XMC_CCU8_SLICE_DeadTimeInit,"ax",%progbits
 937              	 .align 2
 938              	 .global XMC_CCU8_SLICE_DeadTimeInit
 939              	 .code 16
 940              	 .thumb_func
 942              	XMC_CCU8_SLICE_DeadTimeInit:
 943 0000 4B68     	 ldr r3,[r1,#4]
 944              	 
 945 0002 0365     	 str r3,[r0,#80]
 946 0004 8B68     	 ldr r3,[r1,#8]
 947 0006 4365     	 str r3,[r0,#84]
 948 0008 0B68     	 ldr r3,[r1]
 949 000a C364     	 str r3,[r0,#76]
 950 000c 7047     	 bx lr
 952 000e C046     	 .section .text.XMC_CCU8_SLICE_ConfigureDeadTime,"ax",%progbits
 953              	 .align 2
 954              	 .global XMC_CCU8_SLICE_ConfigureDeadTime
 955              	 .code 16
 956              	 .thumb_func
 958              	XMC_CCU8_SLICE_ConfigureDeadTime:
 959 0000 3F22     	 mov r2,#63
 960 0002 C36C     	 ldr r3,[r0,#76]
 961              	 
 962 0004 9343     	 bic r3,r2
 963 0006 C364     	 str r3,[r0,#76]
 964 0008 C36C     	 ldr r3,[r0,#76]
 965 000a 1943     	 orr r1,r3
 966 000c C164     	 str r1,[r0,#76]
 967 000e 7047     	 bx lr
 969              	 .section .text.XMC_CCU8_SLICE_SetDeadTimeValue,"ax",%progbits
 970              	 .align 2
 971              	 .global XMC_CCU8_SLICE_SetDeadTimeValue
 972              	 .code 16
 973              	 .thumb_func
 975              	XMC_CCU8_SLICE_SetDeadTimeValue:
 976 0000 1B02     	 lsl r3,r3,#8
 977 0002 1A43     	 orr r2,r3
 978 0004 0029     	 cmp r1,#0
 979 0006 01D0     	 beq .L132
 980 0008 4265     	 str r2,[r0,#84]
 981              	.L129:
 982              	 
 983 000a 7047     	 bx lr
 984              	.L132:
 985 000c 0265     	 str r2,[r0,#80]
 986 000e FCE7     	 b .L129
 988              	 .section .text.XMC_CCU8_SLICE_SetDeadTimePrescaler,"ax",%progbits
 989              	 .align 2
 990              	 .global XMC_CCU8_SLICE_SetDeadTimePrescaler
 991              	 .code 16
 992              	 .thumb_func
 994              	XMC_CCU8_SLICE_SetDeadTimePrescaler:
 995 0000 C022     	 mov r2,#192
 996 0002 C36C     	 ldr r3,[r0,#76]
 997 0004 8901     	 lsl r1,r1,#6
 998 0006 9343     	 bic r3,r2
 999 0008 C364     	 str r3,[r0,#76]
 1000 000a C36C     	 ldr r3,[r0,#76]
 1001              	 
 1002 000c 1943     	 orr r1,r3
 1003 000e C164     	 str r1,[r0,#76]
 1004 0010 7047     	 bx lr
 1006 0012 C046     	 .section .text.XMC_CCU8_SLICE_ConfigureStatusBitOutput,"ax",%progbits
 1007              	 .align 2
 1008              	 .global XMC_CCU8_SLICE_ConfigureStatusBitOutput
 1009              	 .code 16
 1010              	 .thumb_func
 1012              	XMC_CCU8_SLICE_ConfigureStatusBitOutput:
 1013 0000 4269     	 ldr r2,[r0,#20]
 1014 0002 044B     	 ldr r3,.L135
 1015 0004 4907     	 lsl r1,r1,#29
 1016 0006 1340     	 and r3,r2
 1017 0008 4361     	 str r3,[r0,#20]
 1018 000a 4369     	 ldr r3,[r0,#20]
 1019              	 
 1020 000c 1943     	 orr r1,r3
 1021 000e 4161     	 str r1,[r0,#20]
 1022 0010 7047     	 bx lr
 1023              	.L136:
 1024 0012 C046     	 .align 2
 1025              	.L135:
 1026 0014 FFFFFF9F 	 .word -1610612737
 1028              	 .section .rodata.CSWTCH.41,"a",%progbits
 1029              	 .align 2
 1030              	 .set .LANCHOR1,.+0
 1033              	CSWTCH.41:
 1034 0000 00000000 	 .word 0
 1035 0004 00000000 	 .word 0
 1036 0008 02000000 	 .word 2
 1037 000c 02000000 	 .word 2
 1038 0010 04000000 	 .word 4
 1039 0014 04000000 	 .word 4
 1040 0018 00000000 	 .word 0
 1041 001c 00000000 	 .word 0
 1042 0020 08000000 	 .word 8
 1043 0024 0A000000 	 .word 10
 1044 0028 0C000000 	 .word 12
 1045 002c 0C000000 	 .word 12
 1046              	 .section .rodata.CSWTCH.40,"a",%progbits
 1047              	 .align 2
 1048              	 .set .LANCHOR0,.+0
 1051              	CSWTCH.40:
 1052 0000 03000000 	 .word 3
 1053 0004 03000000 	 .word 3
 1054 0008 0C000000 	 .word 12
 1055 000c 0C000000 	 .word 12
 1056 0010 30000000 	 .word 48
 1057 0014 30000000 	 .word 48
 1058 0018 00000000 	 .word 0
 1059 001c 00000000 	 .word 0
 1060 0020 00030000 	 .word 768
 1061 0024 000C0000 	 .word 3072
 1062 0028 00300000 	 .word 12288
 1063 002c 00300000 	 .word 12288
 1064              	 .ident "GCC: (GNU Tools for ARM Embedded Processors) 4.9.3 20141119 (release) [ARM/embedded-4_9-branch revision 218278]"
DEFINED SYMBOLS
                            *ABS*:00000000 xmc_ccu8.c
    {standard input}:13     .text.XMC_CCU8_EnableModule:00000000 $t
    {standard input}:18     .text.XMC_CCU8_EnableModule:00000000 XMC_CCU8_EnableModule
    {standard input}:33     .text.XMC_CCU8_DisableModule:00000000 $t
    {standard input}:38     .text.XMC_CCU8_DisableModule:00000000 XMC_CCU8_DisableModule
    {standard input}:53     .text.XMC_CCU8_Init:00000000 $t
    {standard input}:58     .text.XMC_CCU8_Init:00000000 XMC_CCU8_Init
    {standard input}:85     .text.XMC_CCU8_Init:0000002c $d
    {standard input}:88     .text.XMC_CCU8_SetModuleClock:00000000 $t
    {standard input}:93     .text.XMC_CCU8_SetModuleClock:00000000 XMC_CCU8_SetModuleClock
    {standard input}:104    .text.XMC_CCU8_SLICE_CompareInit:00000000 $t
    {standard input}:109    .text.XMC_CCU8_SLICE_CompareInit:00000000 XMC_CCU8_SLICE_CompareInit
    {standard input}:140    .text.XMC_CCU8_SLICE_CaptureInit:00000000 $t
    {standard input}:145    .text.XMC_CCU8_SLICE_CaptureInit:00000000 XMC_CCU8_SLICE_CaptureInit
    {standard input}:167    .text.XMC_CCU8_SLICE_SetOutPath:00000000 $t
    {standard input}:172    .text.XMC_CCU8_SLICE_SetOutPath:00000000 XMC_CCU8_SLICE_SetOutPath
    {standard input}:184    .text.XMC_CCU8_SetMultiChannelShadowTransferMode:00000000 $t
    {standard input}:189    .text.XMC_CCU8_SetMultiChannelShadowTransferMode:00000000 XMC_CCU8_SetMultiChannelShadowTransferMode
    {standard input}:201    .text.XMC_CCU8_SLICE_StartConfig:00000000 $t
    {standard input}:206    .text.XMC_CCU8_SLICE_StartConfig:00000000 XMC_CCU8_SLICE_StartConfig
    {standard input}:230    .text.XMC_CCU8_SLICE_StartConfig:00000024 $d
    {standard input}:233    .text.XMC_CCU8_SLICE_StopConfig:00000000 $t
    {standard input}:238    .text.XMC_CCU8_SLICE_StopConfig:00000000 XMC_CCU8_SLICE_StopConfig
    {standard input}:257    .text.XMC_CCU8_SLICE_StopConfig:0000001c $d
    {standard input}:260    .text.XMC_CCU8_SLICE_LoadConfig:00000000 $t
    {standard input}:265    .text.XMC_CCU8_SLICE_LoadConfig:00000000 XMC_CCU8_SLICE_LoadConfig
    {standard input}:277    .text.XMC_CCU8_SLICE_LoadConfig:00000010 $d
    {standard input}:280    .text.XMC_CCU8_SLICE_LoadSelector:00000000 $t
    {standard input}:285    .text.XMC_CCU8_SLICE_LoadSelector:00000000 XMC_CCU8_SLICE_LoadSelector
    {standard input}:296    .text.XMC_CCU8_SLICE_ModulationConfig:00000000 $t
    {standard input}:301    .text.XMC_CCU8_SLICE_ModulationConfig:00000000 XMC_CCU8_SLICE_ModulationConfig
    {standard input}:342    .text.XMC_CCU8_SLICE_ModulationConfig:00000040 $d
    {standard input}:348    .text.XMC_CCU8_SLICE_CountConfig:00000000 $t
    {standard input}:353    .text.XMC_CCU8_SLICE_CountConfig:00000000 XMC_CCU8_SLICE_CountConfig
    {standard input}:365    .text.XMC_CCU8_SLICE_CountConfig:00000010 $d
    {standard input}:368    .text.XMC_CCU8_SLICE_GateConfig:00000000 $t
    {standard input}:373    .text.XMC_CCU8_SLICE_GateConfig:00000000 XMC_CCU8_SLICE_GateConfig
    {standard input}:385    .text.XMC_CCU8_SLICE_GateConfig:00000010 $d
    {standard input}:388    .text.XMC_CCU8_SLICE_Capture0Config:00000000 $t
    {standard input}:393    .text.XMC_CCU8_SLICE_Capture0Config:00000000 XMC_CCU8_SLICE_Capture0Config
    {standard input}:404    .text.XMC_CCU8_SLICE_Capture1Config:00000000 $t
    {standard input}:409    .text.XMC_CCU8_SLICE_Capture1Config:00000000 XMC_CCU8_SLICE_Capture1Config
    {standard input}:420    .text.XMC_CCU8_SLICE_DirectionConfig:00000000 $t
    {standard input}:425    .text.XMC_CCU8_SLICE_DirectionConfig:00000000 XMC_CCU8_SLICE_DirectionConfig
    {standard input}:437    .text.XMC_CCU8_SLICE_DirectionConfig:00000010 $d
    {standard input}:440    .text.XMC_CCU8_SLICE_StatusBitOverrideConfig:00000000 $t
    {standard input}:445    .text.XMC_CCU8_SLICE_StatusBitOverrideConfig:00000000 XMC_CCU8_SLICE_StatusBitOverrideConfig
    {standard input}:455    .text.XMC_CCU8_SLICE_TrapConfig:00000000 $t
    {standard input}:460    .text.XMC_CCU8_SLICE_TrapConfig:00000000 XMC_CCU8_SLICE_TrapConfig
    {standard input}:495    .text.XMC_CCU8_SLICE_TrapConfig:00000034 $d
    {standard input}:499    .text.XMC_CCU8_SLICE_ConfigureStatusBitOverrideEvent:00000000 $t
    {standard input}:504    .text.XMC_CCU8_SLICE_ConfigureStatusBitOverrideEvent:00000000 XMC_CCU8_SLICE_ConfigureStatusBitOverrideEvent
    {standard input}:553    .text.XMC_CCU8_SLICE_ConfigureStatusBitOverrideEvent:00000058 $d
    {standard input}:562    .text.XMC_CCU8_SLICE_ConfigureEvent:00000000 $t
    {standard input}:567    .text.XMC_CCU8_SLICE_ConfigureEvent:00000000 XMC_CCU8_SLICE_ConfigureEvent
    {standard input}:619    .text.XMC_CCU8_SLICE_SetInput:00000000 $t
    {standard input}:624    .text.XMC_CCU8_SLICE_SetInput:00000000 XMC_CCU8_SLICE_SetInput
    {standard input}:640    .text.XMC_CCU8_SLICE_SetTimerRepeatMode:00000000 $t
    {standard input}:645    .text.XMC_CCU8_SLICE_SetTimerRepeatMode:00000000 XMC_CCU8_SLICE_SetTimerRepeatMode
    {standard input}:660    .text.XMC_CCU8_SLICE_SetTimerCountingMode:00000000 $t
    {standard input}:665    .text.XMC_CCU8_SLICE_SetTimerCountingMode:00000000 XMC_CCU8_SLICE_SetTimerCountingMode
    {standard input}:680    .text.XMC_CCU8_SLICE_SetTimerPeriodMatch:00000000 $t
    {standard input}:685    .text.XMC_CCU8_SLICE_SetTimerPeriodMatch:00000000 XMC_CCU8_SLICE_SetTimerPeriodMatch
    {standard input}:691    .text.XMC_CCU8_SLICE_GetCaptureRegisterValue:00000000 $t
    {standard input}:696    .text.XMC_CCU8_SLICE_GetCaptureRegisterValue:00000000 XMC_CCU8_SLICE_GetCaptureRegisterValue
    {standard input}:705    .text.XMC_CCU8_SLICE_GetLastCapturedTimerValue:00000000 $t
    {standard input}:710    .text.XMC_CCU8_SLICE_GetLastCapturedTimerValue:00000000 XMC_CCU8_SLICE_GetLastCapturedTimerValue
    {standard input}:781    .text.XMC_CCU8_SLICE_GetCapturedValueFromFifo:00000000 $t
    {standard input}:786    .text.XMC_CCU8_SLICE_GetCapturedValueFromFifo:00000000 XMC_CCU8_SLICE_GetCapturedValueFromFifo
    {standard input}:800    .text.XMC_CCU8_SLICE_EnableDithering:00000000 $t
    {standard input}:805    .text.XMC_CCU8_SLICE_EnableDithering:00000000 XMC_CCU8_SLICE_EnableDithering
    {standard input}:829    .text.XMC_CCU8_SLICE_EnableDithering:00000024 $d
    {standard input}:832    .text.XMC_CCU8_SLICE_SetPrescaler:00000000 $t
    {standard input}:837    .text.XMC_CCU8_SLICE_SetPrescaler:00000000 XMC_CCU8_SLICE_SetPrescaler
    {standard input}:850    .text.XMC_CCU8_SLICE_SetPrescaler:00000010 $d
    {standard input}:853    .text.XMC_CCU8_SLICE_SetTimerCompareMatch:00000000 $t
    {standard input}:858    .text.XMC_CCU8_SLICE_SetTimerCompareMatch:00000000 XMC_CCU8_SLICE_SetTimerCompareMatch
    {standard input}:870    .text.XMC_CCU8_SLICE_GetTimerCompareMatch:00000000 $t
    {standard input}:875    .text.XMC_CCU8_SLICE_GetTimerCompareMatch:00000000 XMC_CCU8_SLICE_GetTimerCompareMatch
    {standard input}:889    .text.XMC_CCU8_SLICE_SetInterruptNode:00000000 $t
    {standard input}:894    .text.XMC_CCU8_SLICE_SetInterruptNode:00000000 XMC_CCU8_SLICE_SetInterruptNode
    {standard input}:917    .text.XMC_CCU8_SLICE_SetInterruptNode:00000024 $d
    {standard input}:921    .text.XMC_CCU8_SLICE_SetPassiveLevel:00000000 $t
    {standard input}:926    .text.XMC_CCU8_SLICE_SetPassiveLevel:00000000 XMC_CCU8_SLICE_SetPassiveLevel
    {standard input}:937    .text.XMC_CCU8_SLICE_DeadTimeInit:00000000 $t
    {standard input}:942    .text.XMC_CCU8_SLICE_DeadTimeInit:00000000 XMC_CCU8_SLICE_DeadTimeInit
    {standard input}:953    .text.XMC_CCU8_SLICE_ConfigureDeadTime:00000000 $t
    {standard input}:958    .text.XMC_CCU8_SLICE_ConfigureDeadTime:00000000 XMC_CCU8_SLICE_ConfigureDeadTime
    {standard input}:970    .text.XMC_CCU8_SLICE_SetDeadTimeValue:00000000 $t
    {standard input}:975    .text.XMC_CCU8_SLICE_SetDeadTimeValue:00000000 XMC_CCU8_SLICE_SetDeadTimeValue
    {standard input}:989    .text.XMC_CCU8_SLICE_SetDeadTimePrescaler:00000000 $t
    {standard input}:994    .text.XMC_CCU8_SLICE_SetDeadTimePrescaler:00000000 XMC_CCU8_SLICE_SetDeadTimePrescaler
    {standard input}:1007   .text.XMC_CCU8_SLICE_ConfigureStatusBitOutput:00000000 $t
    {standard input}:1012   .text.XMC_CCU8_SLICE_ConfigureStatusBitOutput:00000000 XMC_CCU8_SLICE_ConfigureStatusBitOutput
    {standard input}:1026   .text.XMC_CCU8_SLICE_ConfigureStatusBitOutput:00000014 $d
    {standard input}:1029   .rodata.CSWTCH.41:00000000 $d
    {standard input}:1033   .rodata.CSWTCH.41:00000000 CSWTCH.41
    {standard input}:1047   .rodata.CSWTCH.40:00000000 $d
    {standard input}:1051   .rodata.CSWTCH.40:00000000 CSWTCH.40

UNDEFINED SYMBOLS
XMC_SCU_CLOCK_UngatePeripheralClock
XMC_SCU_CLOCK_GatePeripheralClock
