Archive member included because of file (symbol)

c:/infineon/tools/dave ide/4.5.0.202105191637/eclipse/arm-gcc-49/bin/../lib/gcc/arm-none-eabi/4.9.3/armv6-m\libgcc.a(_udivsi3.o)
                              ./Startup/system_XMC1300.o (__aeabi_uidiv)
c:/infineon/tools/dave ide/4.5.0.202105191637/eclipse/arm-gcc-49/bin/../lib/gcc/arm-none-eabi/4.9.3/armv6-m\libgcc.a(_divsi3.o)
                              ./Libraries/XMCLib/src/xmc1_scu.o (__aeabi_idiv)
c:/infineon/tools/dave ide/4.5.0.202105191637/eclipse/arm-gcc-49/bin/../lib/gcc/arm-none-eabi/4.9.3/armv6-m\libgcc.a(_dvmd_tls.o)
                              c:/infineon/tools/dave ide/4.5.0.202105191637/eclipse/arm-gcc-49/bin/../lib/gcc/arm-none-eabi/4.9.3/armv6-m\libgcc.a(_udivsi3.o) (__aeabi_idiv0)
c:/infineon/tools/dave ide/4.5.0.202105191637/eclipse/arm-gcc-49/bin/../lib/gcc/arm-none-eabi/4.9.3/armv6-m\libgcc.a(_aeabi_uldivmod.o)
                              ./Dave/Generated/TIMER/timer.o (__aeabi_uldivmod)
c:/infineon/tools/dave ide/4.5.0.202105191637/eclipse/arm-gcc-49/bin/../lib/gcc/arm-none-eabi/4.9.3/armv6-m\libgcc.a(_muldi3.o)
                              ./Dave/Generated/TIMER/timer.o (__aeabi_lmul)
c:/infineon/tools/dave ide/4.5.0.202105191637/eclipse/arm-gcc-49/bin/../lib/gcc/arm-none-eabi/4.9.3/armv6-m\libgcc.a(_fixunssfsi.o)
                              ./Libraries/XMCLib/src/xmc_usic.o (__aeabi_f2uiz)
c:/infineon/tools/dave ide/4.5.0.202105191637/eclipse/arm-gcc-49/bin/../lib/gcc/arm-none-eabi/4.9.3/armv6-m\libgcc.a(bpabi.o)
                              c:/infineon/tools/dave ide/4.5.0.202105191637/eclipse/arm-gcc-49/bin/../lib/gcc/arm-none-eabi/4.9.3/armv6-m\libgcc.a(_aeabi_uldivmod.o) (__gnu_uldivmod_helper)
c:/infineon/tools/dave ide/4.5.0.202105191637/eclipse/arm-gcc-49/bin/../lib/gcc/arm-none-eabi/4.9.3/armv6-m\libgcc.a(divsf3.o)
                              ./Libraries/XMCLib/src/xmc_usic.o (__aeabi_fdiv)
c:/infineon/tools/dave ide/4.5.0.202105191637/eclipse/arm-gcc-49/bin/../lib/gcc/arm-none-eabi/4.9.3/armv6-m\libgcc.a(mulsf3.o)
                              ./Libraries/XMCLib/src/xmc_usic.o (__aeabi_fmul)
c:/infineon/tools/dave ide/4.5.0.202105191637/eclipse/arm-gcc-49/bin/../lib/gcc/arm-none-eabi/4.9.3/armv6-m\libgcc.a(subsf3.o)
                              c:/infineon/tools/dave ide/4.5.0.202105191637/eclipse/arm-gcc-49/bin/../lib/gcc/arm-none-eabi/4.9.3/armv6-m\libgcc.a(_fixunssfsi.o) (__aeabi_fsub)
c:/infineon/tools/dave ide/4.5.0.202105191637/eclipse/arm-gcc-49/bin/../lib/gcc/arm-none-eabi/4.9.3/armv6-m\libgcc.a(fixsfsi.o)
                              c:/infineon/tools/dave ide/4.5.0.202105191637/eclipse/arm-gcc-49/bin/../lib/gcc/arm-none-eabi/4.9.3/armv6-m\libgcc.a(_fixunssfsi.o) (__aeabi_f2iz)
c:/infineon/tools/dave ide/4.5.0.202105191637/eclipse/arm-gcc-49/bin/../lib/gcc/arm-none-eabi/4.9.3/armv6-m\libgcc.a(floatunsisf.o)
                              ./Libraries/XMCLib/src/xmc_usic.o (__aeabi_ui2f)
c:/infineon/tools/dave ide/4.5.0.202105191637/eclipse/arm-gcc-49/bin/../lib/gcc/arm-none-eabi/4.9.3/armv6-m\libgcc.a(_arm_cmpsf2.o)
                              c:/infineon/tools/dave ide/4.5.0.202105191637/eclipse/arm-gcc-49/bin/../lib/gcc/arm-none-eabi/4.9.3/armv6-m\libgcc.a(_fixunssfsi.o) (__aeabi_fcmpge)
c:/infineon/tools/dave ide/4.5.0.202105191637/eclipse/arm-gcc-49/bin/../lib/gcc/arm-none-eabi/4.9.3/armv6-m\libgcc.a(_clzsi2.o)
                              c:/infineon/tools/dave ide/4.5.0.202105191637/eclipse/arm-gcc-49/bin/../lib/gcc/arm-none-eabi/4.9.3/armv6-m\libgcc.a(divsf3.o) (__clzsi2)
c:/infineon/tools/dave ide/4.5.0.202105191637/eclipse/arm-gcc-49/bin/../lib/gcc/arm-none-eabi/4.9.3/armv6-m\libgcc.a(_divdi3.o)
                              c:/infineon/tools/dave ide/4.5.0.202105191637/eclipse/arm-gcc-49/bin/../lib/gcc/arm-none-eabi/4.9.3/armv6-m\libgcc.a(bpabi.o) (__divdi3)
c:/infineon/tools/dave ide/4.5.0.202105191637/eclipse/arm-gcc-49/bin/../lib/gcc/arm-none-eabi/4.9.3/armv6-m\libgcc.a(_udivdi3.o)
                              c:/infineon/tools/dave ide/4.5.0.202105191637/eclipse/arm-gcc-49/bin/../lib/gcc/arm-none-eabi/4.9.3/armv6-m\libgcc.a(bpabi.o) (__udivdi3)
c:/infineon/tools/dave ide/4.5.0.202105191637/eclipse/arm-gcc-49/bin/../lib/gcc/arm-none-eabi/4.9.3/armv6-m\libgcc.a(eqsf2.o)
                              c:/infineon/tools/dave ide/4.5.0.202105191637/eclipse/arm-gcc-49/bin/../lib/gcc/arm-none-eabi/4.9.3/armv6-m\libgcc.a(_arm_cmpsf2.o) (__eqsf2)
c:/infineon/tools/dave ide/4.5.0.202105191637/eclipse/arm-gcc-49/bin/../lib/gcc/arm-none-eabi/4.9.3/armv6-m\libgcc.a(gesf2.o)
                              c:/infineon/tools/dave ide/4.5.0.202105191637/eclipse/arm-gcc-49/bin/../lib/gcc/arm-none-eabi/4.9.3/armv6-m\libgcc.a(_arm_cmpsf2.o) (__gesf2)
c:/infineon/tools/dave ide/4.5.0.202105191637/eclipse/arm-gcc-49/bin/../lib/gcc/arm-none-eabi/4.9.3/armv6-m\libgcc.a(lesf2.o)
[...]
Memory Configuration

Name             Origin             Length             Attributes
FLASH            0x10001000         0x00008000         xr
SRAM             0x20000000         0x00004000         !xr
*default*        0x00000000         0xffffffff

Linker script and memory map

LOAD ./Startup/startup_XMC1300.o
LOAD ./Startup/system_XMC1300.o
LOAD ./Libraries/XMCLib/src/xmc1_eru.o
LOAD ./Libraries/XMCLib/src/xmc1_flash.o
LOAD ./Libraries/XMCLib/src/xmc1_gpio.o
LOAD ./Libraries/XMCLib/src/xmc1_rtc.o
LOAD ./Libraries/XMCLib/src/xmc1_scu.o
LOAD ./Libraries/XMCLib/src/xmc_acmp.o
LOAD ./Libraries/XMCLib/src/xmc_bccu.o
LOAD ./Libraries/XMCLib/src/xmc_can.o
LOAD ./Libraries/XMCLib/src/xmc_ccu4.o
LOAD ./Libraries/XMCLib/src/xmc_ccu8.o
LOAD ./Libraries/XMCLib/src/xmc_common.o
LOAD ./Libraries/XMCLib/src/xmc_eru.o
LOAD ./Libraries/XMCLib/src/xmc_gpio.o
LOAD ./Libraries/XMCLib/src/xmc_i2c.o
LOAD ./Libraries/XMCLib/src/xmc_i2s.o
LOAD ./Libraries/XMCLib/src/xmc_ledts.o
LOAD ./Libraries/XMCLib/src/xmc_math.o
LOAD ./Libraries/XMCLib/src/xmc_pau.o
LOAD ./Libraries/XMCLib/src/xmc_posif.o
LOAD ./Libraries/XMCLib/src/xmc_prng.o
LOAD ./Libraries/XMCLib/src/xmc_rtc.o
LOAD ./Libraries/XMCLib/src/xmc_spi.o
LOAD ./Libraries/XMCLib/src/xmc_uart.o
LOAD ./Libraries/XMCLib/src/xmc_usic.o
LOAD ./Libraries/XMCLib/src/xmc_vadc.o
LOAD ./Libraries/XMCLib/src/xmc_wdt.o
LOAD ./Libraries/Newlib/syscalls.o
LOAD ./Dave/Generated/UART/uart.o
LOAD ./Dave/Generated/UART/uart_conf.o
LOAD ./Dave/Generated/TIMER/timer.o
LOAD ./Dave/Generated/TIMER/timer_conf.o
LOAD ./Dave/Generated/SYSTIMER/systimer.o
LOAD ./Dave/Generated/SYSTIMER/systimer_conf.o
LOAD ./Dave/Generated/PWM_CCU8/pwm_ccu8.o
LOAD ./Dave/Generated/PWM_CCU8/pwm_ccu8_conf.o
LOAD ./Dave/Generated/INTERRUPT/interrupt.o
LOAD ./Dave/Generated/INTERRUPT/interrupt_conf.o
LOAD ./Dave/Generated/GLOBAL_CCU8/global_ccu8.o
LOAD ./Dave/Generated/GLOBAL_CCU8/global_ccu8_conf.o
LOAD ./Dave/Generated/GLOBAL_CCU4/global_ccu4.o
LOAD ./Dave/Generated/GLOBAL_CCU4/global_ccu4_conf.o
LOAD ./Dave/Generated/GLOBAL_ADC/global_adc.o
LOAD ./Dave/Generated/GLOBAL_ADC/global_adc_conf.o
LOAD ./Dave/Generated/DIGITAL_IO/digital_io.o
LOAD ./Dave/Generated/DIGITAL_IO/digital_io_conf.o
LOAD ./Dave/Generated/CPU_CTRL_XMC1/cpu_ctrl_xmc1.o
LOAD ./Dave/Generated/CPU_CTRL_XMC1/cpu_ctrl_xmc1_conf.o
LOAD ./Dave/Generated/CLOCK_XMC1/clock_xmc1.o
LOAD ./Dave/Generated/CLOCK_XMC1/clock_xmc1_conf.o
LOAD ./Dave/Generated/ANALOG_IO/analog_io.o
LOAD ./Dave/Generated/ANALOG_IO/analog_io_conf.o
LOAD ./Dave/Generated/ADC_MEASUREMENT/adc_measurement.o
LOAD ./Dave/Generated/ADC_MEASUREMENT/adc_measurement_conf.o
LOAD ./Dave/Generated/DAVE.o
LOAD ./EVSELab_System.o
LOAD ./Fixed_point_math.o
LOAD ./Fridge_300W.o
LOAD ./main.o
LOAD c:/infineon/tools/dave ide/4.5.0.202105191637/eclipse/arm-gcc-49/bin/../lib/gcc/arm-none-eabi/4.9.3/../../../../arm-none-eabi/lib/armv6-m\libm.a
START GROUP
LOAD c:/infineon/tools/dave ide/4.5.0.202105191637/eclipse/arm-gcc-49/bin/../lib/gcc/arm-none-eabi/4.9.3/armv6-m\libgcc.a
LOAD c:/infineon/tools/dave ide/4.5.0.202105191637/eclipse/arm-gcc-49/bin/../lib/gcc/arm-none-eabi/4.9.3/../../../../arm-none-eabi/lib/armv6-m\libc_nano.a
END GROUP
START GROUP
LOAD c:/infineon/tools/dave ide/4.5.0.202105191637/eclipse/arm-gcc-49/bin/../lib/gcc/arm-none-eabi/4.9.3/armv6-m\libgcc.a
LOAD c:/infineon/tools/dave ide/4.5.0.202105191637/eclipse/arm-gcc-49/bin/../lib/gcc/arm-none-eabi/4.9.3/../../../../arm-none-eabi/lib/armv6-m\libc_nano.a
LOAD c:/infineon/tools/dave ide/4.5.0.202105191637/eclipse/arm-gcc-49/bin/../lib/gcc/arm-none-eabi/4.9.3/../../../../arm-none-eabi/lib/armv6-m\libnosys.a
END GROUP
START GROUP
LOAD c:/infineon/tools/dave ide/4.5.0.202105191637/eclipse/arm-gcc-49/bin/../lib/gcc/arm-none-eabi/4.9.3/armv6-m\libgcc.a
LOAD c:/infineon/tools/dave ide/4.5.0.202105191637/eclipse/arm-gcc-49/bin/../lib/gcc/arm-none-eabi/4.9.3/../../../../arm-none-eabi/lib/armv6-m\libc_nano.a
LOAD c:/infineon/tools/dave ide/4.5.0.202105191637/eclipse/arm-gcc-49/bin/../lib/gcc/arm-none-eabi/4.9.3/../../../../arm-none-eabi/lib/armv6-m\libnosys.a
END GROUP
                0x00000400                stack_size = DEFINED (stack_size)?stack_size:0x400
                0x00000004                no_init_size = 0x4

.text           0x10001000     0x6aa0
                0x10001000                sText = .
 *(.reset)
 .reset         0x10001000       0x9c ./Startup/startup_XMC1300.o
                0x10001000                __Vectors
                0x10001018                Reset_Handler
                0x10001098                USIC0_5_IRQHandler
                0x10001098                POSIF0_0_IRQHandler
                0x10001098                HardFault_Handler
                0x10001098                VADC0_G1_1_IRQHandler
                0x10001098                PendSV_Handler
                0x10001098                CCU40_2_IRQHandler
                0x10001098                VADC0_C0_0_IRQHandler
                0x10001098                ERU0_0_IRQHandler
                0x10001098                CCU80_1_IRQHandler
                0x10001098                USIC0_0_IRQHandler
                0x10001098                ERU0_2_IRQHandler
                0x10001098                BCCU0_0_IRQHandler
                0x10001098                ERU0_3_IRQHandler
                0x10001098                SCU_0_IRQHandler
                0x10001098                VADC0_G0_1_IRQHandler
                0x10001098                POSIF0_1_IRQHandler
                0x10001098                VADC0_G0_0_IRQHandler
                0x10001098                MATH0_0_IRQHandler
                0x10001098                VADC0_C0_1_IRQHandler
                0x10001098                SVC_Handler
                0x10001098                USIC0_3_IRQHandler
                0x10001098                VADC0_G1_0_IRQHandler
                0x10001098                CCU80_0_IRQHandler
                0x10001098                CCU40_1_IRQHandler
                0x10001098                SCU_2_IRQHandler
                0x10001098                CCU40_3_IRQHandler
                0x10001098                USIC0_4_IRQHandler
                0x10001098                SCU_1_IRQHandler
                0x10001098                ERU0_1_IRQHandler
                0x10001098                Default_handler
 *(.text .text.* .gnu.linkonce.t.*)
 .text.SystemCoreClockUpdate
                0x1000109c       0x4c ./Startup/system_XMC1300.o
                0x1000109c                SystemCoreClockUpdate
 .text.SystemInit
                0x100010e8        0xc ./Startup/system_XMC1300.o
                0x100010e8                SystemInit
 .text.XMC_GPIO_Init
                0x100010f4       0x84 ./Libraries/XMCLib/src/xmc1_gpio.o
                0x100010f4                XMC_GPIO_Init
 .text.XMC_SCU_CLOCK_UngatePeripheralClock
                0x10001178       0x30 ./Libraries/XMCLib/src/xmc1_scu.o
                0x10001178                XMC_SCU_CLOCK_UngatePeripheralClock
 .text.XMC_SCU_CLOCK_IsPeripheralClockGated
                0x100011a8       0x14 ./Libraries/XMCLib/src/xmc1_scu.o
                0x100011a8                XMC_SCU_CLOCK_IsPeripheralClockGated
 .text.XMC_SCU_CLOCK_ScaleMCLKFrequency
                0x100011bc       0xd0 ./Libraries/XMCLib/src/xmc1_scu.o
                0x100011bc                XMC_SCU_CLOCK_ScaleMCLKFrequency
 .text.XMC_SCU_CLOCK_Init
                0x1000128c       0x40 ./Libraries/XMCLib/src/xmc1_scu.o
                0x1000128c                XMC_SCU_CLOCK_Init
 .text.XMC_SCU_CLOCK_GetPeripheralClockFrequency
                0x100012cc        0xc ./Libraries/XMCLib/src/xmc1_scu.o
                0x100012cc                XMC_SCU_CLOCK_GetPeripheralClockFrequency
 .text.XMC_CCU4_Init
                0x100012d8       0x30 ./Libraries/XMCLib/src/xmc_ccu4.o
                0x100012d8                XMC_CCU4_Init
 .text.XMC_CCU4_SLICE_CompareInit
                0x10001308       0x30 ./Libraries/XMCLib/src/xmc_ccu4.o
                0x10001308                XMC_CCU4_SLICE_CompareInit
 .text.XMC_CCU4_SLICE_SetInterruptNode
                0x10001338       0x2c ./Libraries/XMCLib/src/xmc_ccu4.o
                0x10001338                XMC_CCU4_SLICE_SetInterruptNode
 .text.XMC_CCU8_Init
                0x10001364       0x30 ./Libraries/XMCLib/src/xmc_ccu8.o
                0x10001364                XMC_CCU8_Init
 .text.XMC_CCU8_SLICE_CompareInit
                0x10001394       0x38 ./Libraries/XMCLib/src/xmc_ccu8.o
                0x10001394                XMC_CCU8_SLICE_CompareInit
 .text.XMC_CCU8_SetMultiChannelShadowTransferMode
                0x100013cc       0x10 ./Libraries/XMCLib/src/xmc_ccu8.o
                0x100013cc                XMC_CCU8_SetMultiChannelShadowTransferMode
 .text.XMC_CCU8_SLICE_StartConfig
                0x100013dc       0x28 ./Libraries/XMCLib/src/xmc_ccu8.o
                0x100013dc                XMC_CCU8_SLICE_StartConfig
 .text.XMC_CCU8_SLICE_StopConfig
                0x10001404       0x20 ./Libraries/XMCLib/src/xmc_ccu8.o
                0x10001404                XMC_CCU8_SLICE_StopConfig
 .text.XMC_CCU8_SLICE_LoadConfig
                0x10001424       0x14 ./Libraries/XMCLib/src/xmc_ccu8.o
                0x10001424                XMC_CCU8_SLICE_LoadConfig
 .text.XMC_CCU8_SLICE_LoadSelector
                0x10001438       0x10 ./Libraries/XMCLib/src/xmc_ccu8.o
                0x10001438                XMC_CCU8_SLICE_LoadSelector
 .text.XMC_CCU8_SLICE_ModulationConfig
                0x10001448       0x50 ./Libraries/XMCLib/src/xmc_ccu8.o
                0x10001448                XMC_CCU8_SLICE_ModulationConfig
 .text.XMC_CCU8_SLICE_CountConfig
                0x10001498       0x14 ./Libraries/XMCLib/src/xmc_ccu8.o
                0x10001498                XMC_CCU8_SLICE_CountConfig
 .text.XMC_CCU8_SLICE_GateConfig
                0x100014ac       0x14 ./Libraries/XMCLib/src/xmc_ccu8.o
                0x100014ac                XMC_CCU8_SLICE_GateConfig
 .text.XMC_CCU8_SLICE_DirectionConfig
                0x100014c0       0x14 ./Libraries/XMCLib/src/xmc_ccu8.o
                0x100014c0                XMC_CCU8_SLICE_DirectionConfig
 .text.XMC_CCU8_SLICE_StatusBitOverrideConfig
                0x100014d4        0xc ./Libraries/XMCLib/src/xmc_ccu8.o
                0x100014d4                XMC_CCU8_SLICE_StatusBitOverrideConfig
 .text.XMC_CCU8_SLICE_TrapConfig
                0x100014e0       0x3c ./Libraries/XMCLib/src/xmc_ccu8.o
                0x100014e0                XMC_CCU8_SLICE_TrapConfig
 .text.XMC_CCU8_SLICE_ConfigureStatusBitOverrideEvent
                0x1000151c       0x74 ./Libraries/XMCLib/src/xmc_ccu8.o
                0x1000151c                XMC_CCU8_SLICE_ConfigureStatusBitOverrideEvent
 .text.XMC_CCU8_SLICE_ConfigureEvent
                0x10001590       0x60 ./Libraries/XMCLib/src/xmc_ccu8.o
                0x10001590                XMC_CCU8_SLICE_ConfigureEvent
 .text.XMC_CCU8_SLICE_SetTimerPeriodMatch
                0x100015f0        0x4 ./Libraries/XMCLib/src/xmc_ccu8.o
                0x100015f0                XMC_CCU8_SLICE_SetTimerPeriodMatch
 .text.XMC_CCU8_SLICE_SetTimerCompareMatch
                0x100015f4        0xc ./Libraries/XMCLib/src/xmc_ccu8.o
                0x100015f4                XMC_CCU8_SLICE_SetTimerCompareMatch
 .text.XMC_CCU8_SLICE_SetInterruptNode
                0x10001600       0x2c ./Libraries/XMCLib/src/xmc_ccu8.o
                0x10001600                XMC_CCU8_SLICE_SetInterruptNode
 .text.XMC_CCU8_SLICE_DeadTimeInit
                0x1000162c       0x10 ./Libraries/XMCLib/src/xmc_ccu8.o
                0x1000162c                XMC_CCU8_SLICE_DeadTimeInit
 .text.XMC_GPIO_SetHardwareControl
                0x1000163c       0x1c ./Libraries/XMCLib/src/xmc_gpio.o
                0x1000163c                XMC_GPIO_SetHardwareControl
 .text.XMC_UART_CH_InitEx
                0x10001658       0x88 ./Libraries/XMCLib/src/xmc_uart.o
                0x10001658                XMC_UART_CH_InitEx
 .text.XMC_UART_CH_Transmit
                0x100016e0       0x30 ./Libraries/XMCLib/src/xmc_uart.o
                0x100016e0                XMC_UART_CH_Transmit
 .text.XMC_UART_CH_GetReceivedData
                0x10001710       0x20 ./Libraries/XMCLib/src/xmc_uart.o
                0x10001710                XMC_UART_CH_GetReceivedData
 .text.XMC_USIC_CH_Enable
                0x10001730       0x40 ./Libraries/XMCLib/src/xmc_usic.o
                0x10001730                XMC_USIC_CH_Enable
 .text.XMC_USIC_CH_SetBaudrate
                0x10001770       0xb0 ./Libraries/XMCLib/src/xmc_usic.o
                0x10001770                XMC_USIC_CH_SetBaudrate
 .text.XMC_USIC_CH_SetBaudrateEx
                0x10001820       0xd8 ./Libraries/XMCLib/src/xmc_usic.o
                0x10001820                XMC_USIC_CH_SetBaudrateEx
 .text.XMC_USIC_CH_TXFIFO_Configure
                0x100018f8       0x2c ./Libraries/XMCLib/src/xmc_usic.o
                0x100018f8                XMC_USIC_CH_TXFIFO_Configure
 .text.XMC_USIC_CH_RXFIFO_Configure
                0x10001924       0x30 ./Libraries/XMCLib/src/xmc_usic.o
                0x10001924                XMC_USIC_CH_RXFIFO_Configure
 .text.XMC_USIC_CH_RXFIFO_SetSizeTriggerLimit
                0x10001954       0x18 ./Libraries/XMCLib/src/xmc_usic.o
                0x10001954                XMC_USIC_CH_RXFIFO_SetSizeTriggerLimit
 .text.XMC_USIC_CH_SetInterruptNodePointer
                0x1000196c       0x14 ./Libraries/XMCLib/src/xmc_usic.o
                0x1000196c                XMC_USIC_CH_SetInterruptNodePointer
 .text.XMC_USIC_CH_TXFIFO_SetInterruptNodePointer
                0x10001980       0x18 ./Libraries/XMCLib/src/xmc_usic.o
                0x10001980                XMC_USIC_CH_TXFIFO_SetInterruptNodePointer
 .text.XMC_USIC_CH_RXFIFO_SetInterruptNodePointer
                0x10001998       0x18 ./Libraries/XMCLib/src/xmc_usic.o
                0x10001998                XMC_USIC_CH_RXFIFO_SetInterruptNodePointer
 .text.XMC_VADC_GLOBAL_Init
                0x100019b0       0x44 ./Libraries/XMCLib/src/xmc_vadc.o
                0x100019b0                XMC_VADC_GLOBAL_Init
 .text.XMC_VADC_GLOBAL_InputClassInit
                0x100019f4       0x24 ./Libraries/XMCLib/src/xmc_vadc.o
                0x100019f4                XMC_VADC_GLOBAL_InputClassInit
 .text.XMC_VADC_GLOBAL_StartupCalibration
                0x10001a18       0x4c ./Libraries/XMCLib/src/xmc_vadc.o
                0x10001a18                XMC_VADC_GLOBAL_StartupCalibration
 .text.XMC_VADC_GLOBAL_BackgroundSetReqSrcEventInterruptNode
                0x10001a64       0x1c ./Libraries/XMCLib/src/xmc_vadc.o
                0x10001a64                XMC_VADC_GLOBAL_BackgroundSetReqSrcEventInterruptNode
 .text.XMC_VADC_GROUP_Init
                0x10001a80       0xd4 ./Libraries/XMCLib/src/xmc_vadc.o
                0x10001a80                XMC_VADC_GROUP_Init
 .text.XMC_VADC_GROUP_SetPowerMode
                0x10001b54       0x10 ./Libraries/XMCLib/src/xmc_vadc.o
                0x10001b54                XMC_VADC_GROUP_SetPowerMode
 .text.XMC_VADC_GLOBAL_SHS_EnableAcceleratedMode
                0x10001b64       0x20 ./Libraries/XMCLib/src/xmc_vadc.o
                0x10001b64                XMC_VADC_GLOBAL_SHS_EnableAcceleratedMode
 .text.XMC_VADC_GLOBAL_BackgroundInit
                0x10001b84       0xb4 ./Libraries/XMCLib/src/xmc_vadc.o
                0x10001b84                XMC_VADC_GLOBAL_BackgroundInit
 .text.XMC_VADC_GROUP_ChannelInit
                0x10001c38       0x78 ./Libraries/XMCLib/src/xmc_vadc.o
                0x10001c38                XMC_VADC_GROUP_ChannelInit
 .text._sbrk    0x10001cb0       0x40 ./Libraries/Newlib/syscalls.o
                0x10001cb0                _sbrk
 .text._init    0x10001cf0        0x4 ./Libraries/Newlib/syscalls.o
                0x10001cf0                _init
 .text.UART_Init
                0x10001cf4        0xc ./Dave/Generated/UART/uart.o
                0x10001cf4                UART_Init
 .text.UART_Transmit
                0x10001d00       0x74 ./Dave/Generated/UART/uart.o
                0x10001d00                UART_Transmit
 .text.UART_Receive
                0x10001d74       0x84 ./Dave/Generated/UART/uart.o
                0x10001d74                UART_Receive
 .text.UART_lTransmitHandler
                0x10001df8       0xac ./Dave/Generated/UART/uart.o
                0x10001df8                UART_lTransmitHandler
 .text.UART_lReceiveHandler
                0x10001ea4       0xd4 ./Dave/Generated/UART/uart.o
                0x10001ea4                UART_lReceiveHandler
 .text.UART_0_init
                0x10001f78       0xdc ./Dave/Generated/UART/uart_conf.o
                0x10001f78                UART_0_init
 .text.USIC0_2_IRQHandler
                0x10002054       0x10 ./Dave/Generated/UART/uart_conf.o
                0x10002054                USIC0_2_IRQHandler
 .text.USIC0_1_IRQHandler
                0x10002064       0x10 ./Dave/Generated/UART/uart_conf.o
                0x10002064                USIC0_1_IRQHandler
 .text.TIMER_Init
                0x10002074       0x7c ./Dave/Generated/TIMER/timer.o
                0x10002074                TIMER_Init
 .text.TIMER_Start
                0x100020f0       0x20 ./Dave/Generated/TIMER/timer.o
                0x100020f0                TIMER_Start
 .text.SysTick_Handler
                0x10002110      0x29c ./Dave/Generated/SYSTIMER/systimer.o
                0x10002110                SysTick_Handler
 .text.SYSTIMER_Init
                0x100023ac       0x54 ./Dave/Generated/SYSTIMER/systimer.o
                0x100023ac                SYSTIMER_Init
 .text.SYSTIMER_GetTickCount
                0x10002400        0xc ./Dave/Generated/SYSTIMER/systimer.o
                0x10002400                SYSTIMER_GetTickCount
 .text.PWM_CCU8_Init
                0x1000240c      0x368 ./Dave/Generated/PWM_CCU8/pwm_ccu8.o
                0x1000240c                PWM_CCU8_Init
 .text.PWM_CCU8_Start
                0x10002774       0x34 ./Dave/Generated/PWM_CCU8/pwm_ccu8.o
                0x10002774                PWM_CCU8_Start
 .text.PWM_CCU8_Stop
                0x100027a8       0x1c ./Dave/Generated/PWM_CCU8/pwm_ccu8.o
                0x100027a8                PWM_CCU8_Stop
 .text.INTERRUPT_Init
                0x100027c4       0x8c ./Dave/Generated/INTERRUPT/interrupt.o
                0x100027c4                INTERRUPT_Init
 .text.GLOBAL_CCU8_Init
                0x10002850       0x24 ./Dave/Generated/GLOBAL_CCU8/global_ccu8.o
                0x10002850                GLOBAL_CCU8_Init
 .text.GLOBAL_CCU4_Init
                0x10002874       0x24 ./Dave/Generated/GLOBAL_CCU4/global_ccu4.o
                0x10002874                GLOBAL_CCU4_Init
 .text.GLOBAL_ADC_Init
                0x10002898       0xb0 ./Dave/Generated/GLOBAL_ADC/global_adc.o
                0x10002898                GLOBAL_ADC_Init
 .text.DIGITAL_IO_Init
                0x10002948       0x1c ./Dave/Generated/DIGITAL_IO/digital_io.o
                0x10002948                DIGITAL_IO_Init
 .text.SystemCoreSetup
                0x10002964        0x4 ./Dave/Generated/CPU_CTRL_XMC1/cpu_ctrl_xmc1_conf.o
                0x10002964                SystemCoreSetup
 .text.CLOCK_XMC1_Init
                0x10002968       0x10 ./Dave/Generated/CLOCK_XMC1/clock_xmc1.o
                0x10002968                CLOCK_XMC1_Init
 .text.SystemCoreClockSetup
                0x10002978       0x1c ./Dave/Generated/CLOCK_XMC1/clock_xmc1_conf.o
                0x10002978                SystemCoreClockSetup
 .text.ANALOG_IO_Init
                0x10002994       0x20 ./Dave/Generated/ANALOG_IO/analog_io.o
                0x10002994                ANALOG_IO_Init
 .text.ADC_MEASUREMENT_Init
                0x100029b4      0x164 ./Dave/Generated/ADC_MEASUREMENT/adc_measurement.o
                0x100029b4                ADC_MEASUREMENT_Init
 .text.DAVE_Init
                0x10002b18       0x90 ./Dave/Generated/DAVE.o
                0x10002b18                DAVE_Init
 .text.System_Delay
                0x10002ba8       0x18 ./EVSELab_System.o
                0x10002ba8                System_Delay
 .text.Set_Current_Loop_PI_Charge.part.4
                0x10002bc0       0x78 ./Fridge_300W.o
 .text.Check_Protection
                0x10002c38        0x4 ./Fridge_300W.o
                0x10002c38                Check_Protection
 .text.Check_Charging_Mode
                0x10002c3c      0x278 ./Fridge_300W.o
                0x10002c3c                Check_Charging_Mode
 .text.Set_CC_CV_Control_Mode
                0x10002eb4      0x280 ./Fridge_300W.o
                0x10002eb4                Set_CC_CV_Control_Mode
 .text.System_Initialize
                0x10003134       0x78 ./Fridge_300W.o
                0x10003134                System_Initialize
 .text.startup.main
                0x100031ac       0xa8 ./main.o
                0x100031ac                main
 .text.CCU40_0_IRQHandler
                0x10003254      0x1e8 ./main.o
                0x10003254                CCU40_0_IRQHandler
 .text.UART_End_of_Receive_Call_Back
                0x1000343c       0x24 ./main.o
                0x1000343c                UART_End_of_Receive_Call_Back
 .text          0x10003460      0x120 c:/infineon/tools/dave ide/4.5.0.202105191637/eclipse/arm-gcc-49/bin/../lib/gcc/arm-none-eabi/4.9.3/armv6-m\libgcc.a(_udivsi3.o)
                0x10003460                __aeabi_uidiv
                0x10003460                __udivsi3
                0x1000356c                __aeabi_uidivmod
 .text          0x10003580      0x1e0 c:/infineon/tools/dave ide/4.5.0.202105191637/eclipse/arm-gcc-49/bin/../lib/gcc/arm-none-eabi/4.9.3/armv6-m\libgcc.a(_divsi3.o)
                0x10003580                __divsi3
                0x10003580                __aeabi_idiv
                0x1000374c                __aeabi_idivmod
 .text          0x10003760        0x4 c:/infineon/tools/dave ide/4.5.0.202105191637/eclipse/arm-gcc-49/bin/../lib/gcc/arm-none-eabi/4.9.3/armv6-m\libgcc.a(_dvmd_tls.o)
                0x10003760                __aeabi_idiv0
                0x10003760                __aeabi_ldiv0
 .text          0x10003764       0x3c c:/infineon/tools/dave ide/4.5.0.202105191637/eclipse/arm-gcc-49/bin/../lib/gcc/arm-none-eabi/4.9.3/armv6-m\libgcc.a(_clzsi2.o)
                0x10003764                __clzsi2
 .text.__errno  0x100037a0        0xc c:/infineon/tools/dave ide/4.5.0.202105191637/eclipse/arm-gcc-49/bin/../lib/gcc/arm-none-eabi/4.9.3/../../../../arm-none-eabi/lib/armv6-m\libc_nano.a(lib_a-errno.o)
                0x100037a0                __errno
 .text.__libc_init_array
                0x100037ac       0x4c c:/infineon/tools/dave ide/4.5.0.202105191637/eclipse/arm-gcc-49/bin/../lib/gcc/arm-none-eabi/4.9.3/../../../../arm-none-eabi/lib/armv6-m\libc_nano.a(lib_a-init.o)
                0x100037ac                __libc_init_array
 .text.__cvt    0x100037f8       0xc8 c:/infineon/tools/dave ide/4.5.0.202105191637/eclipse/arm-gcc-49/bin/../lib/gcc/arm-none-eabi/4.9.3/../../../../arm-none-eabi/lib/armv6-m\libc_nano.a(lib_a-nano-vfprintf_float.o)
                0x100037f8                __cvt
 .text.__exponent
                0x100038c0       0x62 c:/infineon/tools/dave ide/4.5.0.202105191637/eclipse/arm-gcc-49/bin/../lib/gcc/arm-none-eabi/4.9.3/../../../../arm-none-eabi/lib/armv6-m\libc_nano.a(lib_a-nano-vfprintf_float.o)
                0x100038c0                __exponent
 *fill*         0x10003922        0x2 
 .text._printf_float
                0x10003924      0x470 c:/infineon/tools/dave ide/4.5.0.202105191637/eclipse/arm-gcc-49/bin/../lib/gcc/arm-none-eabi/4.9.3/../../../../arm-none-eabi/lib/armv6-m\libc_nano.a(lib_a-nano-vfprintf_float.o)
                0x10003924                _printf_float
 .text._printf_common
                0x10003d94       0xdc c:/infineon/tools/dave ide/4.5.0.202105191637/eclipse/arm-gcc-49/bin/../lib/gcc/arm-none-eabi/4.9.3/../../../../arm-none-eabi/lib/armv6-m\libc_nano.a(lib_a-nano-vfprintf_i.o)
                0x10003d94                _printf_common
 .text._printf_i
                0x10003e70      0x230 c:/infineon/tools/dave ide/4.5.0.202105191637/eclipse/arm-gcc-49/bin/../lib/gcc/arm-none-eabi/4.9.3/../../../../arm-none-eabi/lib/armv6-m\libc_nano.a(lib_a-nano-vfprintf_i.o)
                0x10003e70                _printf_i
 .text.__fpclassifyd
                0x100040a0       0x50 c:/infineon/tools/dave ide/4.5.0.202105191637/eclipse/arm-gcc-49/bin/../lib/gcc/arm-none-eabi/4.9.3/../../../../arm-none-eabi/lib/armv6-m\libc_nano.a(lib_a-s_fpclassify.o)
                0x100040a0                __fpclassifyd
 .text.sprintf  0x100040f0       0x44 c:/infineon/tools/dave ide/4.5.0.202105191637/eclipse/arm-gcc-49/bin/../lib/gcc/arm-none-eabi/4.9.3/../../../../arm-none-eabi/lib/armv6-m\libc_nano.a(lib_a-sprintf.o)
                0x100040f0                siprintf
                0x100040f0                sprintf
 .text.strlen   0x10004134        0xe c:/infineon/tools/dave ide/4.5.0.202105191637/eclipse/arm-gcc-49/bin/../lib/gcc/arm-none-eabi/4.9.3/../../../../arm-none-eabi/lib/armv6-m\libc_nano.a(lib_a-strlen.o)
                0x10004134                strlen
 .text.quorem   0x10004142      0x10e c:/infineon/tools/dave ide/4.5.0.202105191637/eclipse/arm-gcc-49/bin/../lib/gcc/arm-none-eabi/4.9.3/../../../../arm-none-eabi/lib/armv6-m\libc_nano.a(lib_a-dtoa.o)
 .text._dtoa_r  0x10004250      0xc00 c:/infineon/tools/dave ide/4.5.0.202105191637/eclipse/arm-gcc-49/bin/../lib/gcc/arm-none-eabi/4.9.3/../../../../arm-none-eabi/lib/armv6-m\libc_nano.a(lib_a-dtoa.o)
                0x10004250                _dtoa_r
 .text._localeconv_r
                0x10004e50        0x8 c:/infineon/tools/dave ide/4.5.0.202105191637/eclipse/arm-gcc-49/bin/../lib/gcc/arm-none-eabi/4.9.3/../../../../arm-none-eabi/lib/armv6-m\libc_nano.a(lib_a-locale.o)
                0x10004e50                _localeconv_r
 .text.malloc   0x10004e58       0x14 c:/infineon/tools/dave ide/4.5.0.202105191637/eclipse/arm-gcc-49/bin/../lib/gcc/arm-none-eabi/4.9.3/../../../../arm-none-eabi/lib/armv6-m\libc_nano.a(lib_a-malloc.o)
                0x10004e58                malloc
 .text.memchr   0x10004e6c       0x16 c:/infineon/tools/dave ide/4.5.0.202105191637/eclipse/arm-gcc-49/bin/../lib/gcc/arm-none-eabi/4.9.3/../../../../arm-none-eabi/lib/armv6-m\libc_nano.a(lib_a-memchr.o)
                0x10004e6c                memchr
 .text.memcpy   0x10004e82       0x12 c:/infineon/tools/dave ide/4.5.0.202105191637/eclipse/arm-gcc-49/bin/../lib/gcc/arm-none-eabi/4.9.3/../../../../arm-none-eabi/lib/armv6-m\libc_nano.a(lib_a-memcpy.o)
                0x10004e82                memcpy
 .text._Balloc  0x10004e94       0x70 c:/infineon/tools/dave ide/4.5.0.202105191637/eclipse/arm-gcc-49/bin/../lib/gcc/arm-none-eabi/4.9.3/../../../../arm-none-eabi/lib/armv6-m\libc_nano.a(lib_a-mprec.o)
                0x10004e94                _Balloc
 .text._Bfree   0x10004f04       0x32 c:/infineon/tools/dave ide/4.5.0.202105191637/eclipse/arm-gcc-49/bin/../lib/gcc/arm-none-eabi/4.9.3/../../../../arm-none-eabi/lib/armv6-m\libc_nano.a(lib_a-mprec.o)
                0x10004f04                _Bfree
 .text.__multadd
                0x10004f36       0x78 c:/infineon/tools/dave ide/4.5.0.202105191637/eclipse/arm-gcc-49/bin/../lib/gcc/arm-none-eabi/4.9.3/../../../../arm-none-eabi/lib/armv6-m\libc_nano.a(lib_a-mprec.o)
                0x10004f36                __multadd
 .text.__hi0bits
                0x10004fae       0x36 c:/infineon/tools/dave ide/4.5.0.202105191637/eclipse/arm-gcc-49/bin/../lib/gcc/arm-none-eabi/4.9.3/../../../../arm-none-eabi/lib/armv6-m\libc_nano.a(lib_a-mprec.o)
                0x10004fae                __hi0bits
 .text.__lo0bits
                0x10004fe4       0x5e c:/infineon/tools/dave ide/4.5.0.202105191637/eclipse/arm-gcc-49/bin/../lib/gcc/arm-none-eabi/4.9.3/../../../../arm-none-eabi/lib/armv6-m\libc_nano.a(lib_a-mprec.o)
                0x10004fe4                __lo0bits
 .text.__i2b    0x10005042       0x12 c:/infineon/tools/dave ide/4.5.0.202105191637/eclipse/arm-gcc-49/bin/../lib/gcc/arm-none-eabi/4.9.3/../../../../arm-none-eabi/lib/armv6-m\libc_nano.a(lib_a-mprec.o)
                0x10005042                __i2b
 .text.__multiply
                0x10005054      0x11a c:/infineon/tools/dave ide/4.5.0.202105191637/eclipse/arm-gcc-49/bin/../lib/gcc/arm-none-eabi/4.9.3/../../../../arm-none-eabi/lib/armv6-m\libc_nano.a(lib_a-mprec.o)
                0x10005054                __multiply
 *fill*         0x1000516e        0x2 
 .text.__pow5mult
                0x10005170       0xa4 c:/infineon/tools/dave ide/4.5.0.202105191637/eclipse/arm-gcc-49/bin/../lib/gcc/arm-none-eabi/4.9.3/../../../../arm-none-eabi/lib/armv6-m\libc_nano.a(lib_a-mprec.o)
                0x10005170                __pow5mult
 .text.__lshift
                0x10005214       0xa4 c:/infineon/tools/dave ide/4.5.0.202105191637/eclipse/arm-gcc-49/bin/../lib/gcc/arm-none-eabi/4.9.3/../../../../arm-none-eabi/lib/armv6-m\libc_nano.a(lib_a-mprec.o)
                0x10005214                __lshift
 .text.__mcmp   0x100052b8       0x36 c:/infineon/tools/dave ide/4.5.0.202105191637/eclipse/arm-gcc-49/bin/../lib/gcc/arm-none-eabi/4.9.3/../../../../arm-none-eabi/lib/armv6-m\libc_nano.a(lib_a-mprec.o)
                0x100052b8                __mcmp
 .text.__mdiff  0x100052ee       0xd6 c:/infineon/tools/dave ide/4.5.0.202105191637/eclipse/arm-gcc-49/bin/../lib/gcc/arm-none-eabi/4.9.3/../../../../arm-none-eabi/lib/armv6-m\libc_nano.a(lib_a-mprec.o)
                0x100052ee                __mdiff
 .text.__d2b    0x100053c4       0xa8 c:/infineon/tools/dave ide/4.5.0.202105191637/eclipse/arm-gcc-49/bin/../lib/gcc/arm-none-eabi/4.9.3/../../../../arm-none-eabi/lib/armv6-m\libc_nano.a(lib_a-mprec.o)
                0x100053c4                __d2b
 .text._calloc_r
                0x1000546c       0x1c c:/infineon/tools/dave ide/4.5.0.202105191637/eclipse/arm-gcc-49/bin/../lib/gcc/arm-none-eabi/4.9.3/../../../../arm-none-eabi/lib/armv6-m\libc_nano.a(lib_a-nano-callocr.o)
                0x1000546c                _calloc_r
 .text._free_r  0x10005488       0x8c c:/infineon/tools/dave ide/4.5.0.202105191637/eclipse/arm-gcc-49/bin/../lib/gcc/arm-none-eabi/4.9.3/../../../../arm-none-eabi/lib/armv6-m\libc_nano.a(lib_a-nano-freer.o)
                0x10005488                _free_r
 .text._malloc_r
                0x10005514       0xb0 c:/infineon/tools/dave ide/4.5.0.202105191637/eclipse/arm-gcc-49/bin/../lib/gcc/arm-none-eabi/4.9.3/../../../../arm-none-eabi/lib/armv6-m\libc_nano.a(lib_a-nano-mallocr.o)
                0x10005514                _malloc_r
 .text.__ssputs_r
                0x100055c4       0xc0 c:/infineon/tools/dave ide/4.5.0.202105191637/eclipse/arm-gcc-49/bin/../lib/gcc/arm-none-eabi/4.9.3/../../../../arm-none-eabi/lib/armv6-m\libc_nano.a(lib_a-nano-svfprintf.o)
                0x100055c4                __ssputs_r
 .text._svfprintf_r
                0x10005684      0x1ec c:/infineon/tools/dave ide/4.5.0.202105191637/eclipse/arm-gcc-49/bin/../lib/gcc/arm-none-eabi/4.9.3/../../../../arm-none-eabi/lib/armv6-m\libc_nano.a(lib_a-nano-svfprintf.o)
                0x10005684                _svfiprintf_r
                0x10005684                _svfprintf_r
 .text._sbrk_r  0x10005870       0x24 c:/infineon/tools/dave ide/4.5.0.202105191637/eclipse/arm-gcc-49/bin/../lib/gcc/arm-none-eabi/4.9.3/../../../../arm-none-eabi/lib/armv6-m\libc_nano.a(lib_a-sbrkr.o)
                0x10005870                _sbrk_r
 .text.memmove  0x10005894       0x28 c:/infineon/tools/dave ide/4.5.0.202105191637/eclipse/arm-gcc-49/bin/../lib/gcc/arm-none-eabi/4.9.3/../../../../arm-none-eabi/lib/armv6-m\libc_nano.a(lib_a-memmove.o)
                0x10005894                memmove
 .text.memset   0x100058bc       0x10 c:/infineon/tools/dave ide/4.5.0.202105191637/eclipse/arm-gcc-49/bin/../lib/gcc/arm-none-eabi/4.9.3/../../../../arm-none-eabi/lib/armv6-m\libc_nano.a(lib_a-memset.o)
                0x100058bc                memset
 .text._realloc_r
                0x100058cc       0x4c c:/infineon/tools/dave ide/4.5.0.202105191637/eclipse/arm-gcc-49/bin/../lib/gcc/arm-none-eabi/4.9.3/../../../../arm-none-eabi/lib/armv6-m\libc_nano.a(lib_a-nano-reallocr.o)
                0x100058cc                _realloc_r
 .text._malloc_usable_size_r
                0x10005918       0x16 c:/infineon/tools/dave ide/4.5.0.202105191637/eclipse/arm-gcc-49/bin/../lib/gcc/arm-none-eabi/4.9.3/../../../../arm-none-eabi/lib/armv6-m\libc_nano.a(lib_a-nano-msizer.o)
                0x10005918                _malloc_usable_size_r
 *fill*         0x1000592e        0x2 
 .text          0x10005930       0x14 c:/infineon/tools/dave ide/4.5.0.202105191637/eclipse/arm-gcc-49/bin/../lib/gcc/arm-none-eabi/4.9.3/armv6-m\libgcc.a(_thumb1_case_uqi.o)
                0x10005930                __gnu_thumb1_case_uqi
 .text          0x10005944       0x7c c:/infineon/tools/dave ide/4.5.0.202105191637/eclipse/arm-gcc-49/bin/../lib/gcc/arm-none-eabi/4.9.3/armv6-m\libgcc.a(_arm_cmpdf2.o)
                0x10005944                __aeabi_cdrcmple
                0x10005954                __aeabi_cdcmple
                0x10005954                __aeabi_cdcmpeq
                0x10005964                __aeabi_dcmpeq
                0x10005970                __aeabi_dcmplt
                0x10005984                __aeabi_dcmple
                0x10005998                __aeabi_dcmpgt
                0x100059ac                __aeabi_dcmpge
 .text          0x100059c0      0x650 c:/infineon/tools/dave ide/4.5.0.202105191637/eclipse/arm-gcc-49/bin/../lib/gcc/arm-none-eabi/4.9.3/armv6-m\libgcc.a(adddf3.o)
                0x100059c0                __aeabi_dadd
 .text          0x10006010      0x648 c:/infineon/tools/dave ide/4.5.0.202105191637/eclipse/arm-gcc-49/bin/../lib/gcc/arm-none-eabi/4.9.3/armv6-m\libgcc.a(divdf3.o)
                0x10006010                __aeabi_ddiv
 .text          0x10006658       0x88 c:/infineon/tools/dave ide/4.5.0.202105191637/eclipse/arm-gcc-49/bin/../lib/gcc/arm-none-eabi/4.9.3/armv6-m\libgcc.a(eqdf2.o)
                0x10006658                __nedf2
                0x10006658                __eqdf2
 .text          0x100066e0       0xe0 c:/infineon/tools/dave ide/4.5.0.202105191637/eclipse/arm-gcc-49/bin/../lib/gcc/arm-none-eabi/4.9.3/armv6-m\libgcc.a(gedf2.o)
                0x100066e0                __gedf2
                0x100066e0                __gtdf2
 .text          0x100067c0       0xcc c:/infineon/tools/dave ide/4.5.0.202105191637/eclipse/arm-gcc-49/bin/../lib/gcc/arm-none-eabi/4.9.3/armv6-m\libgcc.a(ledf2.o)
                0x100067c0                __ledf2
                0x100067c0                __ltdf2
 .text          0x1000688c      0x534 c:/infineon/tools/dave ide/4.5.0.202105191637/eclipse/arm-gcc-49/bin/../lib/gcc/arm-none-eabi/4.9.3/armv6-m\libgcc.a(muldf3.o)
                0x1000688c                __aeabi_dmul
 .text          0x10006dc0      0x6f4 c:/infineon/tools/dave ide/4.5.0.202105191637/eclipse/arm-gcc-49/bin/../lib/gcc/arm-none-eabi/4.9.3/armv6-m\libgcc.a(subdf3.o)
                0x10006dc0                __aeabi_dsub
 .text          0x100074b4       0x6c c:/infineon/tools/dave ide/4.5.0.202105191637/eclipse/arm-gcc-49/bin/../lib/gcc/arm-none-eabi/4.9.3/armv6-m\libgcc.a(fixdfsi.o)
                0x100074b4                __aeabi_d2iz
 .text          0x10007520       0x78 c:/infineon/tools/dave ide/4.5.0.202105191637/eclipse/arm-gcc-49/bin/../lib/gcc/arm-none-eabi/4.9.3/armv6-m\libgcc.a(floatsidf.o)
                0x10007520                __aeabi_i2d
 .text          0x10007598       0x64 c:/infineon/tools/dave ide/4.5.0.202105191637/eclipse/arm-gcc-49/bin/../lib/gcc/arm-none-eabi/4.9.3/armv6-m\libgcc.a(floatunsidf.o)
                0x10007598                __aeabi_ui2d
 *(.init)
 *(.fini)
 *crtbegin.o(.ctors)
 *crtbegin?.o(.ctors)
 *(EXCLUDE_FILE(*crtend.o *crtend?.o) .ctors)
 *(SORT(.ctors.*))
 *(.ctors)
 *crtbegin.o(.dtors)
 *crtbegin?.o(.dtors)
 *(EXCLUDE_FILE(*crtend.o *crtend?.o) .dtors)
 *(SORT(.dtors.*))
 *(.dtors)
 *(.rodata .rodata.*)
 .rodata.CSWTCH.34
                0x100075fc       0x30 ./Libraries/XMCLib/src/xmc_ccu4.o
 .rodata.CSWTCH.35
                0x1000762c       0x30 ./Libraries/XMCLib/src/xmc_ccu4.o
 .rodata.CSWTCH.41
                0x1000765c       0x30 ./Libraries/XMCLib/src/xmc_ccu8.o
 .rodata.CSWTCH.40
                0x1000768c       0x30 ./Libraries/XMCLib/src/xmc_ccu8.o
 .rodata.g_xmc_vadc_group_array
                0x100076bc        0x8 ./Libraries/XMCLib/src/xmc_vadc.o
 .rodata.UART_0_config
                0x100076c4       0x30 ./Dave/Generated/UART/uart_conf.o
                0x100076c4                UART_0_config
 .rodata.UART_0_rx_pin_config
                0x100076f4        0x8 ./Dave/Generated/UART/uart_conf.o
                0x100076f4                UART_0_rx_pin_config
 .rodata.UART_0_tx_pin
                0x100076fc        0xc ./Dave/Generated/UART/uart_conf.o
                0x100076fc                UART_0_tx_pin
 .rodata.UART_0_tx_pin_config
                0x10007708        0x8 ./Dave/Generated/UART/uart_conf.o
                0x10007708                UART_0_tx_pin_config
 .rodata.UART_0_channel_config
                0x10007710        0xc ./Dave/Generated/UART/uart_conf.o
                0x10007710                UART_0_channel_config
 .rodata.PWM_CCU8_0_event1_config
                0x1000771c        0x4 ./Dave/Generated/PWM_CCU8/pwm_ccu8_conf.o
                0x1000771c                PWM_CCU8_0_event1_config
 .rodata.PWM_CCU8_0_timer_handle
                0x10007720       0x10 ./Dave/Generated/PWM_CCU8/pwm_ccu8_conf.o
                0x10007720                PWM_CCU8_0_timer_handle
 .rodata.PWM_CCU8_0_event2_config
                0x10007730        0x4 ./Dave/Generated/PWM_CCU8/pwm_ccu8_conf.o
                0x10007730                PWM_CCU8_0_event2_config
 .rodata.PWM_CCU8_0_ch1_out0_config
                0x10007734        0x8 ./Dave/Generated/PWM_CCU8/pwm_ccu8_conf.o
                0x10007734                PWM_CCU8_0_ch1_out0_config
 .rodata.PWM_CCU8_0_ch1_out1_config
                0x1000773c        0x8 ./Dave/Generated/PWM_CCU8/pwm_ccu8_conf.o
                0x1000773c                PWM_CCU8_0_ch1_out1_config
 .rodata.PWM_CCU8_0_config_handle
                0x10007744       0x90 ./Dave/Generated/PWM_CCU8/pwm_ccu8_conf.o
                0x10007744                PWM_CCU8_0_config_handle
 .rodata.PWM_CCU8_0_dt_config
                0x100077d4        0xc ./Dave/Generated/PWM_CCU8/pwm_ccu8_conf.o
                0x100077d4                PWM_CCU8_0_dt_config
 .rodata.PWM_CCU8_0_event0_config
                0x100077e0        0x4 ./Dave/Generated/PWM_CCU8/pwm_ccu8_conf.o
                0x100077e0                PWM_CCU8_0_event0_config
 .rodata.ZOH_INTERRUPT
                0x100077e4        0x4 ./Dave/Generated/INTERRUPT/interrupt_conf.o
                0x100077e4                ZOH_INTERRUPT
 .rodata.group_init_handle0
                0x100077e8       0x14 ./Dave/Generated/GLOBAL_ADC/global_adc_conf.o
                0x100077e8                group_init_handle0
 .rodata.group_init_handle1
                0x100077fc       0x14 ./Dave/Generated/GLOBAL_ADC/global_adc_conf.o
                0x100077fc                group_init_handle1
 .rodata.global_config
                0x10007810       0x18 ./Dave/Generated/GLOBAL_ADC/global_adc_conf.o
                0x10007810                global_config
 .rodata.RELAY_OUT_8
                0x10007828       0x10 ./Dave/Generated/DIGITAL_IO/digital_io_conf.o
                0x10007828                RELAY_OUT_8
 .rodata.RELAY_IN_12
                0x10007838       0x10 ./Dave/Generated/DIGITAL_IO/digital_io_conf.o
                0x10007838                RELAY_IN_12
 .rodata        0x10007848        0xc ./Dave/Generated/CLOCK_XMC1/clock_xmc1_conf.o
 .rodata.ANALOG_IO_0
                0x10007854       0x10 ./Dave/Generated/ANALOG_IO/analog_io_conf.o
                0x10007854                ANALOG_IO_0
 .rodata.ANALOG_IO_1
                0x10007864       0x10 ./Dave/Generated/ANALOG_IO/analog_io_conf.o
                0x10007864                ANALOG_IO_1
 .rodata.ANALOG_IO_2
                0x10007874       0x10 ./Dave/Generated/ANALOG_IO/analog_io_conf.o
                0x10007874                ANALOG_IO_2
 .rodata.backgnd_config
                0x10007884        0xc ./Dave/Generated/ADC_MEASUREMENT/adc_measurement_conf.o
                0x10007884                backgnd_config
 .rodata.global_iclass_config
                0x10007890        0x4 ./Dave/Generated/ADC_MEASUREMENT/adc_measurement_conf.o
                0x10007890                global_iclass_config
 .rodata.str1.4
                0x10007894       0x30 ./main.o
 .rodata.str1.1
                0x100078c4        0x2 c:/infineon/tools/dave ide/4.5.0.202105191637/eclipse/arm-gcc-49/bin/../lib/gcc/arm-none-eabi/4.9.3/../../../../arm-none-eabi/lib/armv6-m\libc_nano.a(lib_a-impure.o)
 .rodata.str1.1
                0x100078c6       0x12 c:/infineon/tools/dave ide/4.5.0.202105191637/eclipse/arm-gcc-49/bin/../lib/gcc/arm-none-eabi/4.9.3/../../../../arm-none-eabi/lib/armv6-m\libc_nano.a(lib_a-nano-vfprintf_float.o)
 .rodata.str1.1
                0x100078d8       0x22 c:/infineon/tools/dave ide/4.5.0.202105191637/eclipse/arm-gcc-49/bin/../lib/gcc/arm-none-eabi/4.9.3/../../../../arm-none-eabi/lib/armv6-m\libc_nano.a(lib_a-nano-vfprintf_i.o)
 .rodata.str1.1
                0x100078fa        0xd c:/infineon/tools/dave ide/4.5.0.202105191637/eclipse/arm-gcc-49/bin/../lib/gcc/arm-none-eabi/4.9.3/../../../../arm-none-eabi/lib/armv6-m\libc_nano.a(lib_a-dtoa.o)
                                  0xf (size before relaxing)
 .rodata.str1.1
                0x10007907        0x8 c:/infineon/tools/dave ide/4.5.0.202105191637/eclipse/arm-gcc-49/bin/../lib/gcc/arm-none-eabi/4.9.3/../../../../arm-none-eabi/lib/armv6-m\libc_nano.a(lib_a-locale.o)
                                  0xb (size before relaxing)
 *fill*         0x1000790f        0x1 
 .rodata.__mprec_tens
                0x10007910       0xc8 c:/infineon/tools/dave ide/4.5.0.202105191637/eclipse/arm-gcc-49/bin/../lib/gcc/arm-none-eabi/4.9.3/../../../../arm-none-eabi/lib/armv6-m\libc_nano.a(lib_a-mprec.o)
                0x10007910                __mprec_tens
 .rodata.__mprec_bigtens
                0x100079d8       0x28 c:/infineon/tools/dave ide/4.5.0.202105191637/eclipse/arm-gcc-49/bin/../lib/gcc/arm-none-eabi/4.9.3/../../../../arm-none-eabi/lib/armv6-m\libc_nano.a(lib_a-mprec.o)
                0x100079d8                __mprec_bigtens
 .rodata.p05.5277
                0x10007a00        0xc c:/infineon/tools/dave ide/4.5.0.202105191637/eclipse/arm-gcc-49/bin/../lib/gcc/arm-none-eabi/4.9.3/../../../../arm-none-eabi/lib/armv6-m\libc_nano.a(lib_a-mprec.o)
 .rodata.str1.1
                0x10007a0c       0x11 c:/infineon/tools/dave ide/4.5.0.202105191637/eclipse/arm-gcc-49/bin/../lib/gcc/arm-none-eabi/4.9.3/../../../../arm-none-eabi/lib/armv6-m\libc_nano.a(lib_a-nano-svfprintf.o)
 *fill*         0x10007a1d        0x3 
 .rodata        0x10007a20       0x40 c:/infineon/tools/dave ide/4.5.0.202105191637/eclipse/arm-gcc-49/bin/../lib/gcc/arm-none-eabi/4.9.3/armv6-m\libgcc.a(divdf3.o)
 .rodata        0x10007a60       0x40 c:/infineon/tools/dave ide/4.5.0.202105191637/eclipse/arm-gcc-49/bin/../lib/gcc/arm-none-eabi/4.9.3/armv6-m\libgcc.a(muldf3.o)
 *(.gnu.linkonce.r*)
 *(vtable)
                0x10007aa0                . = ALIGN (0x4)

.glue_7         0x10007aa0        0x0
 .glue_7        0x00000000        0x0 linker stubs

.glue_7t        0x10007aa0        0x0
 .glue_7t       0x00000000        0x0 linker stubs

.vfp11_veneer   0x10007aa0        0x0
 .vfp11_veneer  0x00000000        0x0 linker stubs

.v4_bx          0x10007aa0        0x0
 .v4_bx         0x00000000        0x0 linker stubs

.iplt           0x10007aa0        0x0
 .iplt          0x00000000        0x0 ./Startup/startup_XMC1300.o

.eh_frame_hdr
 *(.eh_frame_hdr)

.eh_frame       0x10007aa0        0x0
 *(.eh_frame)
 .eh_frame      0x10007aa0        0x0 c:/infineon/tools/dave ide/4.5.0.202105191637/eclipse/arm-gcc-49/bin/../lib/gcc/arm-none-eabi/4.9.3/../../../../arm-none-eabi/lib/armv6-m\libc_nano.a(lib_a-strcmp.o)
                                 0x28 (size before relaxing)

.ARM.extab
 *(.ARM.extab* .gnu.linkonce.armextab.*)
                0x10007aa0                . = ALIGN (0x4)
                0x10007aa0                __exidx_start = .

.ARM.exidx
 *(.ARM.exidx* .gnu.linkonce.armexidx.*)
                0x10007aa0                __exidx_end = .
                0x10007aa0                . = ALIGN (0x4)

.VENEER_Code    0x2000000c      0x138 load address 0x10007aa0
                0x2000000c                . = ALIGN (0x4)
                0x2000000c                VeneerStart = .
 *(.XmcVeneerCode)
 .XmcVeneerCode
                0x2000000c      0x138 ./Startup/startup_XMC1300.o
                0x2000000c                HardFault_Veneer
                0x2000002c                SVC_Veneer
                0x20000038                PendSV_Veneer
                0x2000003c                SysTick_Veneer
                0x20000040                SCU_0_Veneer
                0x20000044                SCU_1_Veneer
                0x20000048                SCU_2_Veneer
                0x2000004c                SCU_3_Veneer
                0x20000050                SCU_4_Veneer
                0x20000054                SCU_5_Veneer
                0x20000058                SCU_6_Veneer
                0x2000005c                MATH_Veneer
                0x20000064                USIC0_0_Veneer
                0x20000068                USIC0_1_Veneer
                0x2000006c                USIC0_2_Veneer
                0x20000070                USIC0_3_Veneer
                0x20000074                USIC0_4_Veneer
                0x20000078                USIC0_5_Veneer
                0x2000007c                VADC0_C0_0_Veneer
                0x20000080                VADC0_C0_1_Veneer
                0x20000084                VADC0_G0_0_Veneer
                0x20000088                VADC0_G0_1_Veneer
                0x2000008c                VADC0_G1_0_Veneer
                0x20000090                VADC0_G1_1_Veneer
                0x20000094                CCU40_0_Veneer
                0x20000098                CCU40_1_Veneer
                0x2000009c                CCU40_2_Veneer
                0x200000a0                CCU40_3_Veneer
                0x200000a4                CCU80_0_Veneer
                0x200000a8                CCU80_1_Veneer
                0x200000ac                POSIF0_0_Veneer
                0x200000b0                POSIF0_1_Veneer
                0x200000bc                BCCU0_0_Veneer
                0x20000144                . = ALIGN (0x4)
                0x20000144                VeneerEnd = .
                0x10007aa0                eROData = LOADADDR (.VENEER_Code)
                0x00000138                VeneerSize = (ABSOLUTE (VeneerEnd) - ABSOLUTE (VeneerStart))

.rel.dyn        0x20000144        0x0 load address 0x10007bd8
 .rel.iplt      0x00000000        0x0 ./Startup/startup_XMC1300.o

Stack           0x20000144      0x404 load address 0x00000000
                0x20000148                . = ALIGN (0x8)
 *fill*         0x20000144        0x4 
                0x20000548                . = (. + stack_size)
 *fill*         0x20000148      0x400 
                0x20000548                __initial_sp = .

.data           0x20000548      0x21c load address 0x10007bd8
                0x20000548                . = ALIGN (0x4)
                0x20000548                __data_start = .
 *(.data)
 *(.data*)
 .data.UART_0   0x20000548        0xc ./Dave/Generated/UART/uart_conf.o
                0x20000548                UART_0
 .data.MEASURE_TIMER
                0x20000554       0x28 ./Dave/Generated/TIMER/timer_conf.o
                0x20000554                MEASURE_TIMER
 .data.ZOH_TIMER
                0x2000057c       0x28 ./Dave/Generated/TIMER/timer_conf.o
                0x2000057c                ZOH_TIMER
 .data.PWM_CCU8_0
                0x200005a4       0x34 ./Dave/Generated/PWM_CCU8/pwm_ccu8_conf.o
                0x200005a4                PWM_CCU8_0
 .data.GLOBAL_CCU8_0
                0x200005d8       0x10 ./Dave/Generated/GLOBAL_CCU8/global_ccu8_conf.o
                0x200005d8                GLOBAL_CCU8_0
 .data.GLOBAL_CCU4_0
                0x200005e8       0x10 ./Dave/Generated/GLOBAL_CCU4/global_ccu4_conf.o
                0x200005e8                GLOBAL_CCU4_0
 .data.group_0_config
                0x200005f8        0xc ./Dave/Generated/GLOBAL_ADC/global_adc_conf.o
                0x200005f8                group_0_config
 .data.GLOBAL_ADC_0
                0x20000604       0x1c ./Dave/Generated/GLOBAL_ADC/global_adc_conf.o
                0x20000604                GLOBAL_ADC_0
 .data.group_1_config
                0x20000620        0xc ./Dave/Generated/GLOBAL_ADC/global_adc_conf.o
                0x20000620                group_1_config
 .data.ADC_MEASUREMENT_0
                0x2000062c       0x1c ./Dave/Generated/ADC_MEASUREMENT/adc_measurement_conf.o
                0x2000062c                ADC_MEASUREMENT_0
 .data.Vbat_sens_ch_config
                0x20000648       0x10 ./Dave/Generated/ADC_MEASUREMENT/adc_measurement_conf.o
                0x20000648                Vbat_sens_ch_config
 .data.Vin_sens_ch_config
                0x20000658       0x10 ./Dave/Generated/ADC_MEASUREMENT/adc_measurement_conf.o
                0x20000658                Vin_sens_ch_config
 .data.ADC_MEASUREMENT_Vbat_sens_handle
                0x20000668       0x14 ./Dave/Generated/ADC_MEASUREMENT/adc_measurement_conf.o
                0x20000668                ADC_MEASUREMENT_Vbat_sens_handle
 .data.ADC_MEASUREMENT_Vin_sens_handle
                0x2000067c       0x14 ./Dave/Generated/ADC_MEASUREMENT/adc_measurement_conf.o
                0x2000067c                ADC_MEASUREMENT_Vin_sens_handle
 .data.Ibat_sens_ch_config
                0x20000690       0x10 ./Dave/Generated/ADC_MEASUREMENT/adc_measurement_conf.o
                0x20000690                Ibat_sens_ch_config
 .data.ADC_MEASUREMENT_Ibat_sens_handle
                0x200006a0       0x14 ./Dave/Generated/ADC_MEASUREMENT/adc_measurement_conf.o
                0x200006a0                ADC_MEASUREMENT_Ibat_sens_handle
 .data.ADC_MEASUREMENT_channel_array
                0x200006b4        0xc ./Dave/Generated/ADC_MEASUREMENT/adc_measurement_conf.o
                0x200006b4                ADC_MEASUREMENT_channel_array
 .data.f_I_vol.9481
                0x200006c0        0x4 ./Fridge_300W.o
 .data.Update_Uart
                0x200006c4        0x1 ./main.o
                0x200006c4                Update_Uart
 *fill*         0x200006c5        0x3 
 .data.impure_data
                0x200006c8       0x60 c:/infineon/tools/dave ide/4.5.0.202105191637/eclipse/arm-gcc-49/bin/../lib/gcc/arm-none-eabi/4.9.3/../../../../arm-none-eabi/lib/armv6-m\libc_nano.a(lib_a-impure.o)
 .data._impure_ptr
                0x20000728        0x4 c:/infineon/tools/dave ide/4.5.0.202105191637/eclipse/arm-gcc-49/bin/../lib/gcc/arm-none-eabi/4.9.3/../../../../arm-none-eabi/lib/armv6-m\libc_nano.a(lib_a-impure.o)
                0x20000728                _impure_ptr
 .data.lconv    0x2000072c       0x38 c:/infineon/tools/dave ide/4.5.0.202105191637/eclipse/arm-gcc-49/bin/../lib/gcc/arm-none-eabi/4.9.3/../../../../arm-none-eabi/lib/armv6-m\libc_nano.a(lib_a-locale.o)
 *(*.data)
 *(.gnu.linkonce.d*)
                0x20000764                . = ALIGN (0x4)
                0x20000764                PROVIDE (__preinit_array_start, .)
 *(.preinit_array)
                0x20000764                PROVIDE (__preinit_array_end, .)
                0x20000764                . = ALIGN (0x4)
                0x20000764                PROVIDE (__init_array_start, .)
 *(SORT(.init_array.*))
 *(.init_array)
                0x20000764                PROVIDE (__init_array_end, .)
                0x20000764                . = ALIGN (0x4)
                0x20000764                PROVIDE (__fini_array_start, .)
 *(SORT(.fini_array.*))
 *(.fini_array)
                0x20000764                PROVIDE (__fini_array_end, .)
                0x20000764                . = ALIGN (0x4)
                0x20000764                __data_end = .
                0x10007bd8                DataLoadAddr = LOADADDR (.data)
                0x0000021c                __data_size = (__data_end - __data_start)

.igot.plt       0x20000764        0x0 load address 0x10007df4
 .igot.plt      0x00000000        0x0 ./Startup/startup_XMC1300.o

.ram_code       0x20000764        0x0 load address 0x10007df4
                0x20000764                . = ALIGN (0x4)
                0x20000764                __ram_code_start = .
 *(.ram_code)
                0x20000764                . = ALIGN (0x4)
                0x20000764                __ram_code_end = .
                0x10007df4                __ram_code_load = LOADADDR (.ram_code)
                0x00000000                __ram_code_size = (__ram_code_end - __ram_code_start)
                0x00006df4                __text_size = ((((__exidx_end - sText) + VeneerSize) + __data_size) + __ram_code_size)
                0x10007df4                eText = (sText + __text_size)

.bss            0x20000764      0x224 load address 0x10007df4
                0x20000764                . = ALIGN (0x4)
                0x20000764                __bss_start = .
 *(.bss)
 *(.bss*)
 .bss.FDIV.5018
                0x20000764        0x4 ./Startup/system_XMC1300.o
 .bss.IDIV.5017
                0x20000768        0x4 ./Startup/system_XMC1300.o
 .bss.heap_ptr.4331
                0x2000076c        0x4 ./Libraries/Newlib/syscalls.o
 .bss.UART_0_runtime
                0x20000770       0x1c ./Dave/Generated/UART/uart_conf.o
                0x20000770                UART_0_runtime
 .bss.MEASURE_TIMER_config
                0x2000078c        0x8 ./Dave/Generated/TIMER/timer_conf.o
                0x2000078c                MEASURE_TIMER_config
 .bss.ZOH_TIMER_config
                0x20000794        0x8 ./Dave/Generated/TIMER/timer_conf.o
                0x20000794                ZOH_TIMER_config
 .bss.g_systick_count
                0x2000079c        0x4 ./Dave/Generated/SYSTIMER/systimer.o
                0x2000079c                g_systick_count
 .bss.g_timer_tracker
                0x200007a0        0x4 ./Dave/Generated/SYSTIMER/systimer.o
                0x200007a0                g_timer_tracker
 .bss.g_timer_list
                0x200007a4        0x4 ./Dave/Generated/SYSTIMER/systimer.o
                0x200007a4                g_timer_list
 .bss.SYSTIMER_0
                0x200007a8        0x4 ./Dave/Generated/SYSTIMER/systimer_conf.o
                0x200007a8                SYSTIMER_0
 .bss.CLOCK_XMC1_0
                0x200007ac        0x4 ./Dave/Generated/CLOCK_XMC1/clock_xmc1_conf.o
                0x200007ac                CLOCK_XMC1_0
 .bss.ANALOG_IO_1_state
                0x200007b0        0x1 ./Dave/Generated/ANALOG_IO/analog_io_conf.o
 .bss.ANALOG_IO_2_state
                0x200007b1        0x1 ./Dave/Generated/ANALOG_IO/analog_io_conf.o
 .bss.ANALOG_IO_0_state
                0x200007b2        0x1 ./Dave/Generated/ANALOG_IO/analog_io_conf.o
 *fill*         0x200007b3        0x1 
 .bss.Ibat_sens_res_config
                0x200007b4        0x4 ./Dave/Generated/ADC_MEASUREMENT/adc_measurement_conf.o
                0x200007b4                Ibat_sens_res_config
 .bss.Vbat_sens_res_config
                0x200007b8        0x4 ./Dave/Generated/ADC_MEASUREMENT/adc_measurement_conf.o
                0x200007b8                Vbat_sens_res_config
 .bss.Vin_sens_res_config
                0x200007bc        0x4 ./Dave/Generated/ADC_MEASUREMENT/adc_measurement_conf.o
                0x200007bc                Vin_sens_res_config
 .bss.f_I_cur_old.9515
                0x200007c0        0x4 ./Fridge_300W.o
 .bss.f_I_cur.9514
                0x200007c4        0x4 ./Fridge_300W.o
 .bss.f_I_cur_old.9535
                0x200007c8        0x4 ./Fridge_300W.o
 .bss.f_I_cur.9534
                0x200007cc        0x4 ./Fridge_300W.o
 .bss.Charging_Mode.10211
                0x200007d0        0x1 ./main.o
 *fill*         0x200007d1        0x1 
 .bss.Cycles_of_Average_Cal.10214
                0x200007d2        0x2 ./main.o
 .bss.ADC_Vbat_Sum_32768_Cycles.10212
                0x200007d4        0x4 ./main.o
 .bss.Cycles_of_Seconds_Count.10215
                0x200007d8        0x2 ./main.o
 *fill*         0x200007da        0x2 
 .bss.ADC_Ibat_Sum_32768_Cycles.10213
                0x200007dc        0x4 ./main.o
 .bss.__malloc_sbrk_start
                0x200007e0        0x4 c:/infineon/tools/dave ide/4.5.0.202105191637/eclipse/arm-gcc-49/bin/../lib/gcc/arm-none-eabi/4.9.3/../../../../arm-none-eabi/lib/armv6-m\libc_nano.a(lib_a-nano-mallocr.o)
                0x200007e0                __malloc_sbrk_start
 .bss.__malloc_free_list
                0x200007e4        0x4 c:/infineon/tools/dave ide/4.5.0.202105191637/eclipse/arm-gcc-49/bin/../lib/gcc/arm-none-eabi/4.9.3/../../../../arm-none-eabi/lib/armv6-m\libc_nano.a(lib_a-nano-mallocr.o)
                0x200007e4                __malloc_free_list
 *(COMMON)
 COMMON         0x200007e8      0x120 ./Dave/Generated/SYSTIMER/systimer.o
                0x200007e8                g_timer_tbl
 COMMON         0x20000908       0x79 ./main.o
                0x20000908                ADC_Ibat_Non_Offset
                0x2000090a                Instant_Mode
                0x2000090c                ADC_Ibat_Average_32768_Cycles
                0x2000090e                last_seconds_counter
                0x20000910                measure
                0x20000912                ADC_Vbat_Average_32768_Cycles
                0x20000914                test
                0x20000916                seconds_counter
                0x20000918                Command_Mode
                0x2000091c                uart_transmit_buffer
                0x20000980                uart_receive_buffer
 *fill*         0x20000981        0x3 
 COMMON         0x20000984        0x4 c:/infineon/tools/dave ide/4.5.0.202105191637/eclipse/arm-gcc-49/bin/../lib/gcc/arm-none-eabi/4.9.3/../../../../arm-none-eabi/lib/armv6-m\libc_nano.a(lib_a-reent.o)
                0x20000984                errno
 *(.gnu.linkonce.b*)
                0x20000988                . = ALIGN (0x4)
                0x20000988                __bss_end = .
                0x20000988                . = ALIGN (0x8)
                0x20000988                Heap_Bank1_Start = .
                0x00000224                __bss_size = (__bss_end - __bss_start)

.no_init        0x20003ffc        0x4 load address 0x00003eb8
                0x20003ffc                Heap_Bank1_End = .
 *(.no_init)
 .no_init       0x20003ffc        0x4 ./Startup/system_XMC1300.o
                0x20003ffc                SystemCoreClock
                0x00003674                Heap_Bank1_Size = (Heap_Bank1_End - Heap_Bank1_Start)
                0x00000001                ASSERT ((Heap_Bank1_Start <= Heap_Bank1_End), region SRAM overflowed no_init section)

/DISCARD/
 *(.comment)

.stab
 *(.stab)

.stabstr
 *(.stabstr)

.debug
 *(.debug)

.line
 *(.line)

.debug_srcinfo
 *(.debug_srcinfo)

.debug_sfnames
 *(.debug_sfnames)

.debug_aranges
 *(.debug_aranges)

.debug_pubnames
 *(.debug_pubnames)

.debug_pubtypes
 *(.debug_pubtypes)

.debug_info
 *(.debug_info .gnu.linkonce.wi.*)

.debug_abbrev
 *(.debug_abbrev)

.debug_line
 *(.debug_line)

.debug_frame    0x00000000      0x9c0
 *(.debug_frame)
 .debug_frame   0x00000000       0x20 c:/infineon/tools/dave ide/4.5.0.202105191637/eclipse/arm-gcc-49/bin/../lib/gcc/arm-none-eabi/4.9.3/armv6-m\libgcc.a(_udivsi3.o)
 .debug_frame   0x00000020       0x20 c:/infineon/tools/dave ide/4.5.0.202105191637/eclipse/arm-gcc-49/bin/../lib/gcc/arm-none-eabi/4.9.3/armv6-m\libgcc.a(_divsi3.o)
 .debug_frame   0x00000040       0x20 c:/infineon/tools/dave ide/4.5.0.202105191637/eclipse/arm-gcc-49/bin/../lib/gcc/arm-none-eabi/4.9.3/../../../../arm-none-eabi/lib/armv6-m\libc_nano.a(lib_a-errno.o)
 .debug_frame   0x00000060       0x2c c:/infineon/tools/dave ide/4.5.0.202105191637/eclipse/arm-gcc-49/bin/../lib/gcc/arm-none-eabi/4.9.3/../../../../arm-none-eabi/lib/armv6-m\libc_nano.a(lib_a-init.o)
 .debug_frame   0x0000008c       0x74 c:/infineon/tools/dave ide/4.5.0.202105191637/eclipse/arm-gcc-49/bin/../lib/gcc/arm-none-eabi/4.9.3/../../../../arm-none-eabi/lib/armv6-m\libc_nano.a(lib_a-nano-vfprintf_float.o)
 .debug_frame   0x00000100       0x54 c:/infineon/tools/dave ide/4.5.0.202105191637/eclipse/arm-gcc-49/bin/../lib/gcc/arm-none-eabi/4.9.3/../../../../arm-none-eabi/lib/armv6-m\libc_nano.a(lib_a-nano-vfprintf_i.o)
 .debug_frame   0x00000154       0x2c c:/infineon/tools/dave ide/4.5.0.202105191637/eclipse/arm-gcc-49/bin/../lib/gcc/arm-none-eabi/4.9.3/../../../../arm-none-eabi/lib/armv6-m\libc_nano.a(lib_a-s_fpclassify.o)
 .debug_frame   0x00000180       0x50 c:/infineon/tools/dave ide/4.5.0.202105191637/eclipse/arm-gcc-49/bin/../lib/gcc/arm-none-eabi/4.9.3/../../../../arm-none-eabi/lib/armv6-m\libc_nano.a(lib_a-sprintf.o)
 .debug_frame   0x000001d0       0x20 c:/infineon/tools/dave ide/4.5.0.202105191637/eclipse/arm-gcc-49/bin/../lib/gcc/arm-none-eabi/4.9.3/../../../../arm-none-eabi/lib/armv6-m\libc_nano.a(lib_a-strlen.o)
 .debug_frame   0x000001f0       0x54 c:/infineon/tools/dave ide/4.5.0.202105191637/eclipse/arm-gcc-49/bin/../lib/gcc/arm-none-eabi/4.9.3/../../../../arm-none-eabi/lib/armv6-m\libc_nano.a(lib_a-dtoa.o)
 .debug_frame   0x00000244       0xa4 c:/infineon/tools/dave ide/4.5.0.202105191637/eclipse/arm-gcc-49/bin/../lib/gcc/arm-none-eabi/4.9.3/../../../../arm-none-eabi/lib/armv6-m\libc_nano.a(lib_a-locale.o)
 .debug_frame   0x000002e8       0x40 c:/infineon/tools/dave ide/4.5.0.202105191637/eclipse/arm-gcc-49/bin/../lib/gcc/arm-none-eabi/4.9.3/../../../../arm-none-eabi/lib/armv6-m\libc_nano.a(lib_a-malloc.o)
 .debug_frame   0x00000328       0x20 c:/infineon/tools/dave ide/4.5.0.202105191637/eclipse/arm-gcc-49/bin/../lib/gcc/arm-none-eabi/4.9.3/../../../../arm-none-eabi/lib/armv6-m\libc_nano.a(lib_a-memchr.o)
 .debug_frame   0x00000348       0x28 c:/infineon/tools/dave ide/4.5.0.202105191637/eclipse/arm-gcc-49/bin/../lib/gcc/arm-none-eabi/4.9.3/../../../../arm-none-eabi/lib/armv6-m\libc_nano.a(lib_a-memcpy.o)
 .debug_frame   0x00000370      0x238 c:/infineon/tools/dave ide/4.5.0.202105191637/eclipse/arm-gcc-49/bin/../lib/gcc/arm-none-eabi/4.9.3/../../../../arm-none-eabi/lib/armv6-m\libc_nano.a(lib_a-mprec.o)
 .debug_frame   0x000005a8       0x2c c:/infineon/tools/dave ide/4.5.0.202105191637/eclipse/arm-gcc-49/bin/../lib/gcc/arm-none-eabi/4.9.3/../../../../arm-none-eabi/lib/armv6-m\libc_nano.a(lib_a-nano-callocr.o)
 .debug_frame   0x000005d4       0x2c c:/infineon/tools/dave ide/4.5.0.202105191637/eclipse/arm-gcc-49/bin/../lib/gcc/arm-none-eabi/4.9.3/../../../../arm-none-eabi/lib/armv6-m\libc_nano.a(lib_a-nano-freer.o)
 .debug_frame   0x00000600       0x2c c:/infineon/tools/dave ide/4.5.0.202105191637/eclipse/arm-gcc-49/bin/../lib/gcc/arm-none-eabi/4.9.3/../../../../arm-none-eabi/lib/armv6-m\libc_nano.a(lib_a-nano-mallocr.o)
 .debug_frame   0x0000062c       0x74 c:/infineon/tools/dave ide/4.5.0.202105191637/eclipse/arm-gcc-49/bin/../lib/gcc/arm-none-eabi/4.9.3/../../../../arm-none-eabi/lib/armv6-m\libc_nano.a(lib_a-nano-svfprintf.o)
 .debug_frame   0x000006a0       0x2c c:/infineon/tools/dave ide/4.5.0.202105191637/eclipse/arm-gcc-49/bin/../lib/gcc/arm-none-eabi/4.9.3/../../../../arm-none-eabi/lib/armv6-m\libc_nano.a(lib_a-sbrkr.o)
 .debug_frame   0x000006cc       0x28 c:/infineon/tools/dave ide/4.5.0.202105191637/eclipse/arm-gcc-49/bin/../lib/gcc/arm-none-eabi/4.9.3/../../../../arm-none-eabi/lib/armv6-m\libc_nano.a(lib_a-memmove.o)
 .debug_frame   0x000006f4       0x20 c:/infineon/tools/dave ide/4.5.0.202105191637/eclipse/arm-gcc-49/bin/../lib/gcc/arm-none-eabi/4.9.3/../../../../arm-none-eabi/lib/armv6-m\libc_nano.a(lib_a-memset.o)
 .debug_frame   0x00000714       0x30 c:/infineon/tools/dave ide/4.5.0.202105191637/eclipse/arm-gcc-49/bin/../lib/gcc/arm-none-eabi/4.9.3/../../../../arm-none-eabi/lib/armv6-m\libc_nano.a(lib_a-nano-reallocr.o)
 .debug_frame   0x00000744       0x48 c:/infineon/tools/dave ide/4.5.0.202105191637/eclipse/arm-gcc-49/bin/../lib/gcc/arm-none-eabi/4.9.3/../../../../arm-none-eabi/lib/armv6-m\libc_nano.a(lib_a-reent.o)
 .debug_frame   0x0000078c       0x20 c:/infineon/tools/dave ide/4.5.0.202105191637/eclipse/arm-gcc-49/bin/../lib/gcc/arm-none-eabi/4.9.3/../../../../arm-none-eabi/lib/armv6-m\libc_nano.a(lib_a-nano-msizer.o)
 .debug_frame   0x000007ac       0x38 c:/infineon/tools/dave ide/4.5.0.202105191637/eclipse/arm-gcc-49/bin/../lib/gcc/arm-none-eabi/4.9.3/armv6-m\libgcc.a(adddf3.o)
 .debug_frame   0x000007e4       0x3c c:/infineon/tools/dave ide/4.5.0.202105191637/eclipse/arm-gcc-49/bin/../lib/gcc/arm-none-eabi/4.9.3/armv6-m\libgcc.a(divdf3.o)
 .debug_frame   0x00000820       0x38 c:/infineon/tools/dave ide/4.5.0.202105191637/eclipse/arm-gcc-49/bin/../lib/gcc/arm-none-eabi/4.9.3/armv6-m\libgcc.a(eqdf2.o)
 .debug_frame   0x00000858       0x38 c:/infineon/tools/dave ide/4.5.0.202105191637/eclipse/arm-gcc-49/bin/../lib/gcc/arm-none-eabi/4.9.3/armv6-m\libgcc.a(gedf2.o)
 .debug_frame   0x00000890       0x38 c:/infineon/tools/dave ide/4.5.0.202105191637/eclipse/arm-gcc-49/bin/../lib/gcc/arm-none-eabi/4.9.3/armv6-m\libgcc.a(ledf2.o)
 .debug_frame   0x000008c8       0x3c c:/infineon/tools/dave ide/4.5.0.202105191637/eclipse/arm-gcc-49/bin/../lib/gcc/arm-none-eabi/4.9.3/armv6-m\libgcc.a(muldf3.o)
 .debug_frame   0x00000904       0x3c c:/infineon/tools/dave ide/4.5.0.202105191637/eclipse/arm-gcc-49/bin/../lib/gcc/arm-none-eabi/4.9.3/armv6-m\libgcc.a(subdf3.o)
 .debug_frame   0x00000940       0x2c c:/infineon/tools/dave ide/4.5.0.202105191637/eclipse/arm-gcc-49/bin/../lib/gcc/arm-none-eabi/4.9.3/armv6-m\libgcc.a(fixdfsi.o)
 .debug_frame   0x0000096c       0x2c c:/infineon/tools/dave ide/4.5.0.202105191637/eclipse/arm-gcc-49/bin/../lib/gcc/arm-none-eabi/4.9.3/armv6-m\libgcc.a(floatsidf.o)
 .debug_frame   0x00000998       0x28 c:/infineon/tools/dave ide/4.5.0.202105191637/eclipse/arm-gcc-49/bin/../lib/gcc/arm-none-eabi/4.9.3/armv6-m\libgcc.a(floatunsidf.o)

.debug_str
 *(.debug_str)

.debug_loc
 *(.debug_loc)

.debug_macinfo
 *(.debug_macinfo)

.debug_ranges
 *(.debug_ranges)

.debug_weaknames
 *(.debug_weaknames)

.debug_funcnames
 *(.debug_funcnames)

.debug_typenames
 *(.debug_typenames)

.debug_varnames
 *(.debug_varnames)

.build_attributes
                0x00000000      0xda4
 *(.ARM.attributes)
 .ARM.attributes
                0x00000000       0x21 ./Startup/startup_XMC1300.o
 .ARM.attributes
                0x00000021       0x2d ./Startup/system_XMC1300.o
 .ARM.attributes
                0x0000004e       0x2d ./Libraries/XMCLib/src/xmc1_gpio.o
 .ARM.attributes
                0x0000007b       0x2d ./Libraries/XMCLib/src/xmc1_scu.o
 .ARM.attributes
                0x000000a8       0x2d ./Libraries/XMCLib/src/xmc_ccu4.o
 .ARM.attributes
                0x000000d5       0x2d ./Libraries/XMCLib/src/xmc_ccu8.o
 .ARM.attributes
                0x00000102       0x2d ./Libraries/XMCLib/src/xmc_gpio.o
 .ARM.attributes
                0x0000012f       0x2d ./Libraries/XMCLib/src/xmc_uart.o
 .ARM.attributes
                0x0000015c       0x2d ./Libraries/XMCLib/src/xmc_usic.o
 .ARM.attributes
                0x00000189       0x2d ./Libraries/XMCLib/src/xmc_vadc.o
 .ARM.attributes
                0x000001b6       0x2d ./Libraries/Newlib/syscalls.o
 .ARM.attributes
                0x000001e3       0x2d ./Dave/Generated/UART/uart.o
 .ARM.attributes
                0x00000210       0x2d ./Dave/Generated/UART/uart_conf.o
 .ARM.attributes
                0x0000023d       0x2d ./Dave/Generated/TIMER/timer.o
 .ARM.attributes
                0x0000026a       0x2d ./Dave/Generated/TIMER/timer_conf.o
 .ARM.attributes
                0x00000297       0x2d ./Dave/Generated/SYSTIMER/systimer.o
 .ARM.attributes
                0x000002c4       0x2d ./Dave/Generated/SYSTIMER/systimer_conf.o
 .ARM.attributes
                0x000002f1       0x2d ./Dave/Generated/PWM_CCU8/pwm_ccu8.o
 .ARM.attributes
                0x0000031e       0x2d ./Dave/Generated/PWM_CCU8/pwm_ccu8_conf.o
 .ARM.attributes
                0x0000034b       0x2d ./Dave/Generated/INTERRUPT/interrupt.o
 .ARM.attributes
                0x00000378       0x2d ./Dave/Generated/INTERRUPT/interrupt_conf.o
 .ARM.attributes
                0x000003a5       0x2d ./Dave/Generated/GLOBAL_CCU8/global_ccu8.o
 .ARM.attributes
                0x000003d2       0x2d ./Dave/Generated/GLOBAL_CCU8/global_ccu8_conf.o
 .ARM.attributes
                0x000003ff       0x2d ./Dave/Generated/GLOBAL_CCU4/global_ccu4.o
 .ARM.attributes
                0x0000042c       0x2d ./Dave/Generated/GLOBAL_CCU4/global_ccu4_conf.o
 .ARM.attributes
                0x00000459       0x2d ./Dave/Generated/GLOBAL_ADC/global_adc.o
 .ARM.attributes
                0x00000486       0x2d ./Dave/Generated/GLOBAL_ADC/global_adc_conf.o
 .ARM.attributes
                0x000004b3       0x2d ./Dave/Generated/DIGITAL_IO/digital_io.o
 .ARM.attributes
                0x000004e0       0x2d ./Dave/Generated/DIGITAL_IO/digital_io_conf.o
 .ARM.attributes
                0x0000050d       0x2d ./Dave/Generated/CPU_CTRL_XMC1/cpu_ctrl_xmc1_conf.o
 .ARM.attributes
                0x0000053a       0x2d ./Dave/Generated/CLOCK_XMC1/clock_xmc1.o
 .ARM.attributes
                0x00000567       0x2d ./Dave/Generated/CLOCK_XMC1/clock_xmc1_conf.o
 .ARM.attributes
                0x00000594       0x2d ./Dave/Generated/ANALOG_IO/analog_io.o
 .ARM.attributes
                0x000005c1       0x2d ./Dave/Generated/ANALOG_IO/analog_io_conf.o
 .ARM.attributes
                0x000005ee       0x2d ./Dave/Generated/ADC_MEASUREMENT/adc_measurement.o
 .ARM.attributes
                0x0000061b       0x2d ./Dave/Generated/ADC_MEASUREMENT/adc_measurement_conf.o
 .ARM.attributes
                0x00000648       0x2d ./Dave/Generated/DAVE.o
 .ARM.attributes
                0x00000675       0x2d ./EVSELab_System.o
 .ARM.attributes
                0x000006a2       0x2d ./Fridge_300W.o
 .ARM.attributes
                0x000006cf       0x2d ./main.o
 .ARM.attributes
                0x000006fc       0x1e c:/infineon/tools/dave ide/4.5.0.202105191637/eclipse/arm-gcc-49/bin/../lib/gcc/arm-none-eabi/4.9.3/armv6-m\libgcc.a(_udivsi3.o)
 .ARM.attributes
                0x0000071a       0x1e c:/infineon/tools/dave ide/4.5.0.202105191637/eclipse/arm-gcc-49/bin/../lib/gcc/arm-none-eabi/4.9.3/armv6-m\libgcc.a(_divsi3.o)
 .ARM.attributes
                0x00000738       0x1e c:/infineon/tools/dave ide/4.5.0.202105191637/eclipse/arm-gcc-49/bin/../lib/gcc/arm-none-eabi/4.9.3/armv6-m\libgcc.a(_dvmd_tls.o)
 .ARM.attributes
                0x00000756       0x1e c:/infineon/tools/dave ide/4.5.0.202105191637/eclipse/arm-gcc-49/bin/../lib/gcc/arm-none-eabi/4.9.3/armv6-m\libgcc.a(_clzsi2.o)
 .ARM.attributes
                0x00000774       0x2c c:/infineon/tools/dave ide/4.5.0.202105191637/eclipse/arm-gcc-49/bin/../lib/gcc/arm-none-eabi/4.9.3/../../../../arm-none-eabi/lib/armv6-m\libc_nano.a(lib_a-errno.o)
 .ARM.attributes
                0x000007a0       0x2c c:/infineon/tools/dave ide/4.5.0.202105191637/eclipse/arm-gcc-49/bin/../lib/gcc/arm-none-eabi/4.9.3/../../../../arm-none-eabi/lib/armv6-m\libc_nano.a(lib_a-impure.o)
 .ARM.attributes
                0x000007cc       0x2c c:/infineon/tools/dave ide/4.5.0.202105191637/eclipse/arm-gcc-49/bin/../lib/gcc/arm-none-eabi/4.9.3/../../../../arm-none-eabi/lib/armv6-m\libc_nano.a(lib_a-init.o)
 .ARM.attributes
                0x000007f8       0x2c c:/infineon/tools/dave ide/4.5.0.202105191637/eclipse/arm-gcc-49/bin/../lib/gcc/arm-none-eabi/4.9.3/../../../../arm-none-eabi/lib/armv6-m\libc_nano.a(lib_a-nano-vfprintf_float.o)
 .ARM.attributes
                0x00000824       0x2c c:/infineon/tools/dave ide/4.5.0.202105191637/eclipse/arm-gcc-49/bin/../lib/gcc/arm-none-eabi/4.9.3/../../../../arm-none-eabi/lib/armv6-m\libc_nano.a(lib_a-nano-vfprintf_i.o)
 .ARM.attributes
                0x00000850       0x2c c:/infineon/tools/dave ide/4.5.0.202105191637/eclipse/arm-gcc-49/bin/../lib/gcc/arm-none-eabi/4.9.3/../../../../arm-none-eabi/lib/armv6-m\libc_nano.a(lib_a-s_fpclassify.o)
 .ARM.attributes
                0x0000087c       0x2c c:/infineon/tools/dave ide/4.5.0.202105191637/eclipse/arm-gcc-49/bin/../lib/gcc/arm-none-eabi/4.9.3/../../../../arm-none-eabi/lib/armv6-m\libc_nano.a(lib_a-sprintf.o)
 .ARM.attributes
                0x000008a8       0x2c c:/infineon/tools/dave ide/4.5.0.202105191637/eclipse/arm-gcc-49/bin/../lib/gcc/arm-none-eabi/4.9.3/../../../../arm-none-eabi/lib/armv6-m\libc_nano.a(lib_a-strlen.o)
 .ARM.attributes
                0x000008d4       0x2c c:/infineon/tools/dave ide/4.5.0.202105191637/eclipse/arm-gcc-49/bin/../lib/gcc/arm-none-eabi/4.9.3/../../../../arm-none-eabi/lib/armv6-m\libc_nano.a(lib_a-dtoa.o)
 .ARM.attributes
                0x00000900       0x2c c:/infineon/tools/dave ide/4.5.0.202105191637/eclipse/arm-gcc-49/bin/../lib/gcc/arm-none-eabi/4.9.3/../../../../arm-none-eabi/lib/armv6-m\libc_nano.a(lib_a-locale.o)
 .ARM.attributes
                0x0000092c       0x2c c:/infineon/tools/dave ide/4.5.0.202105191637/eclipse/arm-gcc-49/bin/../lib/gcc/arm-none-eabi/4.9.3/../../../../arm-none-eabi/lib/armv6-m\libc_nano.a(lib_a-malloc.o)
 .ARM.attributes
                0x00000958       0x2c c:/infineon/tools/dave ide/4.5.0.202105191637/eclipse/arm-gcc-49/bin/../lib/gcc/arm-none-eabi/4.9.3/../../../../arm-none-eabi/lib/armv6-m\libc_nano.a(lib_a-memchr.o)
 .ARM.attributes
                0x00000984       0x2c c:/infineon/tools/dave ide/4.5.0.202105191637/eclipse/arm-gcc-49/bin/../lib/gcc/arm-none-eabi/4.9.3/../../../../arm-none-eabi/lib/armv6-m\libc_nano.a(lib_a-memcpy.o)
 .ARM.attributes
                0x000009b0       0x2c c:/infineon/tools/dave ide/4.5.0.202105191637/eclipse/arm-gcc-49/bin/../lib/gcc/arm-none-eabi/4.9.3/../../../../arm-none-eabi/lib/armv6-m\libc_nano.a(lib_a-mprec.o)
 .ARM.attributes
                0x000009dc       0x2c c:/infineon/tools/dave ide/4.5.0.202105191637/eclipse/arm-gcc-49/bin/../lib/gcc/arm-none-eabi/4.9.3/../../../../arm-none-eabi/lib/armv6-m\libc_nano.a(lib_a-nano-callocr.o)
 .ARM.attributes
                0x00000a08       0x2c c:/infineon/tools/dave ide/4.5.0.202105191637/eclipse/arm-gcc-49/bin/../lib/gcc/arm-none-eabi/4.9.3/../../../../arm-none-eabi/lib/armv6-m\libc_nano.a(lib_a-nano-freer.o)
 .ARM.attributes
                0x00000a34       0x2c c:/infineon/tools/dave ide/4.5.0.202105191637/eclipse/arm-gcc-49/bin/../lib/gcc/arm-none-eabi/4.9.3/../../../../arm-none-eabi/lib/armv6-m\libc_nano.a(lib_a-nano-mallocr.o)
 .ARM.attributes
                0x00000a60       0x2c c:/infineon/tools/dave ide/4.5.0.202105191637/eclipse/arm-gcc-49/bin/../lib/gcc/arm-none-eabi/4.9.3/../../../../arm-none-eabi/lib/armv6-m\libc_nano.a(lib_a-nano-svfprintf.o)
 .ARM.attributes
                0x00000a8c       0x2c c:/infineon/tools/dave ide/4.5.0.202105191637/eclipse/arm-gcc-49/bin/../lib/gcc/arm-none-eabi/4.9.3/../../../../arm-none-eabi/lib/armv6-m\libc_nano.a(lib_a-sbrkr.o)
 .ARM.attributes
                0x00000ab8       0x1c c:/infineon/tools/dave ide/4.5.0.202105191637/eclipse/arm-gcc-49/bin/../lib/gcc/arm-none-eabi/4.9.3/../../../../arm-none-eabi/lib/armv6-m\libc_nano.a(lib_a-strcmp.o)
 .ARM.attributes
                0x00000ad4       0x2c c:/infineon/tools/dave ide/4.5.0.202105191637/eclipse/arm-gcc-49/bin/../lib/gcc/arm-none-eabi/4.9.3/../../../../arm-none-eabi/lib/armv6-m\libc_nano.a(lib_a-memmove.o)
 .ARM.attributes
                0x00000b00       0x2c c:/infineon/tools/dave ide/4.5.0.202105191637/eclipse/arm-gcc-49/bin/../lib/gcc/arm-none-eabi/4.9.3/../../../../arm-none-eabi/lib/armv6-m\libc_nano.a(lib_a-memset.o)
 .ARM.attributes
                0x00000b2c       0x2c c:/infineon/tools/dave ide/4.5.0.202105191637/eclipse/arm-gcc-49/bin/../lib/gcc/arm-none-eabi/4.9.3/../../../../arm-none-eabi/lib/armv6-m\libc_nano.a(lib_a-nano-reallocr.o)
 .ARM.attributes
                0x00000b58       0x2c c:/infineon/tools/dave ide/4.5.0.202105191637/eclipse/arm-gcc-49/bin/../lib/gcc/arm-none-eabi/4.9.3/../../../../arm-none-eabi/lib/armv6-m\libc_nano.a(lib_a-reent.o)
 .ARM.attributes
                0x00000b84       0x2c c:/infineon/tools/dave ide/4.5.0.202105191637/eclipse/arm-gcc-49/bin/../lib/gcc/arm-none-eabi/4.9.3/../../../../arm-none-eabi/lib/armv6-m\libc_nano.a(lib_a-nano-msizer.o)
 .ARM.attributes
                0x00000bb0       0x1e c:/infineon/tools/dave ide/4.5.0.202105191637/eclipse/arm-gcc-49/bin/../lib/gcc/arm-none-eabi/4.9.3/armv6-m\libgcc.a(_thumb1_case_uqi.o)
 .ARM.attributes
                0x00000bce       0x1e c:/infineon/tools/dave ide/4.5.0.202105191637/eclipse/arm-gcc-49/bin/../lib/gcc/arm-none-eabi/4.9.3/armv6-m\libgcc.a(_arm_cmpdf2.o)
 .ARM.attributes
                0x00000bec       0x2c c:/infineon/tools/dave ide/4.5.0.202105191637/eclipse/arm-gcc-49/bin/../lib/gcc/arm-none-eabi/4.9.3/armv6-m\libgcc.a(adddf3.o)
 .ARM.attributes
                0x00000c18       0x2c c:/infineon/tools/dave ide/4.5.0.202105191637/eclipse/arm-gcc-49/bin/../lib/gcc/arm-none-eabi/4.9.3/armv6-m\libgcc.a(divdf3.o)
 .ARM.attributes
                0x00000c44       0x2c c:/infineon/tools/dave ide/4.5.0.202105191637/eclipse/arm-gcc-49/bin/../lib/gcc/arm-none-eabi/4.9.3/armv6-m\libgcc.a(eqdf2.o)
 .ARM.attributes
                0x00000c70       0x2c c:/infineon/tools/dave ide/4.5.0.202105191637/eclipse/arm-gcc-49/bin/../lib/gcc/arm-none-eabi/4.9.3/armv6-m\libgcc.a(gedf2.o)
 .ARM.attributes
                0x00000c9c       0x2c c:/infineon/tools/dave ide/4.5.0.202105191637/eclipse/arm-gcc-49/bin/../lib/gcc/arm-none-eabi/4.9.3/armv6-m\libgcc.a(ledf2.o)
 .ARM.attributes
                0x00000cc8       0x2c c:/infineon/tools/dave ide/4.5.0.202105191637/eclipse/arm-gcc-49/bin/../lib/gcc/arm-none-eabi/4.9.3/armv6-m\libgcc.a(muldf3.o)
 .ARM.attributes
                0x00000cf4       0x2c c:/infineon/tools/dave ide/4.5.0.202105191637/eclipse/arm-gcc-49/bin/../lib/gcc/arm-none-eabi/4.9.3/armv6-m\libgcc.a(subdf3.o)
 .ARM.attributes
                0x00000d20       0x2c c:/infineon/tools/dave ide/4.5.0.202105191637/eclipse/arm-gcc-49/bin/../lib/gcc/arm-none-eabi/4.9.3/armv6-m\libgcc.a(fixdfsi.o)
 .ARM.attributes
                0x00000d4c       0x2c c:/infineon/tools/dave ide/4.5.0.202105191637/eclipse/arm-gcc-49/bin/../lib/gcc/arm-none-eabi/4.9.3/armv6-m\libgcc.a(floatsidf.o)
 .ARM.attributes
                0x00000d78       0x2c c:/infineon/tools/dave ide/4.5.0.202105191637/eclipse/arm-gcc-49/bin/../lib/gcc/arm-none-eabi/4.9.3/armv6-m\libgcc.a(floatunsidf.o)
OUTPUT(HPPC.elf elf32-littlearm)
